/home/comparendos/venv/lib/python3.12/site-packages/urllib3/connectionpool.py:1097: InsecureRequestWarning: Unverified HTTPS request is being made to host 'serviciosdigitales.movilidadavanzadabello.com.co'. Adding certificate verification is strongly advised. See: https://urllib3.readthedocs.io/en/latest/advanced-usage.html#tls-warnings
  warnings.warn(
/home/comparendos/venv/lib/python3.12/site-packages/urllib3/connectionpool.py:1097: InsecureRequestWarning: Unverified HTTPS request is being made to host 'serviciosdigitales.movilidadavanzadabello.com.co'. Adding certificate verification is strongly advised. See: https://urllib3.readthedocs.io/en/latest/advanced-usage.html#tls-warnings
  warnings.warn(
/home/comparendos/venv/lib/python3.12/site-packages/urllib3/connectionpool.py:1097: InsecureRequestWarning: Unverified HTTPS request is being made to host 'serviciosdigitales.movilidadavanzadabello.com.co'. Adding certificate verification is strongly advised. See: https://urllib3.readthedocs.io/en/latest/advanced-usage.html#tls-warnings
  warnings.warn(
/home/comparendos/venv/lib/python3.12/site-packages/urllib3/connectionpool.py:1097: InsecureRequestWarning: Unverified HTTPS request is being made to host 'serviciosdigitales.movilidadavanzadabello.com.co'. Adding certificate verification is strongly advised. See: https://urllib3.readthedocs.io/en/latest/advanced-usage.html#tls-warnings
  warnings.warn(
/home/comparendos/venv/lib/python3.12/site-packages/urllib3/connectionpool.py:1097: InsecureRequestWarning: Unverified HTTPS request is being made to host 'serviciosdigitales.movilidadavanzadabello.com.co'. Adding certificate verification is strongly advised. See: https://urllib3.readthedocs.io/en/latest/advanced-usage.html#tls-warnings
  warnings.warn(
/home/comparendos/venv/lib/python3.12/site-packages/urllib3/connectionpool.py:1097: InsecureRequestWarning: Unverified HTTPS request is being made to host 'serviciosdigitales.movilidadavanzadabello.com.co'. Adding certificate verification is strongly advised. See: https://urllib3.readthedocs.io/en/latest/advanced-usage.html#tls-warnings
  warnings.warn(
/home/comparendos/venv/lib/python3.12/site-packages/urllib3/connectionpool.py:1097: InsecureRequestWarning: Unverified HTTPS request is being made to host 'serviciosdigitales.movilidadavanzadabello.com.co'. Adding certificate verification is strongly advised. See: https://urllib3.readthedocs.io/en/latest/advanced-usage.html#tls-warnings
  warnings.warn(
/home/comparendos/venv/lib/python3.12/site-packages/urllib3/connectionpool.py:1097: InsecureRequestWarning: Unverified HTTPS request is being made to host 'serviciosdigitales.movilidadavanzadabello.com.co'. Adding certificate verification is strongly advised. See: https://urllib3.readthedocs.io/en/latest/advanced-usage.html#tls-warnings
  warnings.warn(
/home/comparendos/venv/lib/python3.12/site-packages/urllib3/connectionpool.py:1097: InsecureRequestWarning: Unverified HTTPS request is being made to host 'serviciosdigitales.movilidadavanzadabello.com.co'. Adding certificate verification is strongly advised. See: https://urllib3.readthedocs.io/en/latest/advanced-usage.html#tls-warnings
  warnings.warn(
/home/comparendos/venv/lib/python3.12/site-packages/urllib3/connectionpool.py:1097: InsecureRequestWarning: Unverified HTTPS request is being made to host 'serviciosdigitales.movilidadavanzadabello.com.co'. Adding certificate verification is strongly advised. See: https://urllib3.readthedocs.io/en/latest/advanced-usage.html#tls-warnings
  warnings.warn(
/home/comparendos/venv/lib/python3.12/site-packages/urllib3/connectionpool.py:1097: InsecureRequestWarning: Unverified HTTPS request is being made to host 'serviciosdigitales.movilidadavanzadabello.com.co'. Adding certificate verification is strongly advised. See: https://urllib3.readthedocs.io/en/latest/advanced-usage.html#tls-warnings
  warnings.warn(
/home/comparendos/venv/lib/python3.12/site-packages/urllib3/connectionpool.py:1097: InsecureRequestWarning: Unverified HTTPS request is being made to host 'serviciosdigitales.movilidadavanzadabello.com.co'. Adding certificate verification is strongly advised. See: https://urllib3.readthedocs.io/en/latest/advanced-usage.html#tls-warnings
  warnings.warn(
/home/comparendos/venv/lib/python3.12/site-packages/urllib3/connectionpool.py:1097: InsecureRequestWarning: Unverified HTTPS request is being made to host 'serviciosdigitales.movilidadavanzadabello.com.co'. Adding certificate verification is strongly advised. See: https://urllib3.readthedocs.io/en/latest/advanced-usage.html#tls-warnings
  warnings.warn(
/home/comparendos/venv/lib/python3.12/site-packages/urllib3/connectionpool.py:1097: InsecureRequestWarning: Unverified HTTPS request is being made to host 'serviciosdigitales.movilidadavanzadabello.com.co'. Adding certificate verification is strongly advised. See: https://urllib3.readthedocs.io/en/latest/advanced-usage.html#tls-warnings
  warnings.warn(
/home/comparendos/venv/lib/python3.12/site-packages/urllib3/connectionpool.py:1097: InsecureRequestWarning: Unverified HTTPS request is being made to host 'serviciosdigitales.movilidadavanzadabello.com.co'. Adding certificate verification is strongly advised. See: https://urllib3.readthedocs.io/en/latest/advanced-usage.html#tls-warnings
  warnings.warn(
/home/comparendos/venv/lib/python3.12/site-packages/urllib3/connectionpool.py:1097: InsecureRequestWarning: Unverified HTTPS request is being made to host 'serviciosdigitales.movilidadavanzadabello.com.co'. Adding certificate verification is strongly advised. See: https://urllib3.readthedocs.io/en/latest/advanced-usage.html#tls-warnings
  warnings.warn(
/home/comparendos/venv/lib/python3.12/site-packages/urllib3/connectionpool.py:1097: InsecureRequestWarning: Unverified HTTPS request is being made to host 'serviciosdigitales.movilidadavanzadabello.com.co'. Adding certificate verification is strongly advised. See: https://urllib3.readthedocs.io/en/latest/advanced-usage.html#tls-warnings
  warnings.warn(
/home/comparendos/venv/lib/python3.12/site-packages/urllib3/connectionpool.py:1097: InsecureRequestWarning: Unverified HTTPS request is being made to host 'serviciosdigitales.movilidadavanzadabello.com.co'. Adding certificate verification is strongly advised. See: https://urllib3.readthedocs.io/en/latest/advanced-usage.html#tls-warnings
  warnings.warn(
/home/comparendos/venv/lib/python3.12/site-packages/urllib3/connectionpool.py:1097: InsecureRequestWarning: Unverified HTTPS request is being made to host 'serviciosdigitales.movilidadavanzadabello.com.co'. Adding certificate verification is strongly advised. See: https://urllib3.readthedocs.io/en/latest/advanced-usage.html#tls-warnings
  warnings.warn(
/home/comparendos/venv/lib/python3.12/site-packages/urllib3/connectionpool.py:1097: InsecureRequestWarning: Unverified HTTPS request is being made to host 'serviciosdigitales.movilidadavanzadabello.com.co'. Adding certificate verification is strongly advised. See: https://urllib3.readthedocs.io/en/latest/advanced-usage.html#tls-warnings
  warnings.warn(
/home/comparendos/venv/lib/python3.12/site-packages/urllib3/connectionpool.py:1097: InsecureRequestWarning: Unverified HTTPS request is being made to host 'serviciosdigitales.movilidadavanzadabello.com.co'. Adding certificate verification is strongly advised. See: https://urllib3.readthedocs.io/en/latest/advanced-usage.html#tls-warnings
  warnings.warn(
/home/comparendos/venv/lib/python3.12/site-packages/urllib3/connectionpool.py:1097: InsecureRequestWarning: Unverified HTTPS request is being made to host 'serviciosdigitales.movilidadavanzadabello.com.co'. Adding certificate verification is strongly advised. See: https://urllib3.readthedocs.io/en/latest/advanced-usage.html#tls-warnings
  warnings.warn(
/home/comparendos/venv/lib/python3.12/site-packages/urllib3/connectionpool.py:1097: InsecureRequestWarning: Unverified HTTPS request is being made to host 'serviciosdigitales.movilidadavanzadabello.com.co'. Adding certificate verification is strongly advised. See: https://urllib3.readthedocs.io/en/latest/advanced-usage.html#tls-warnings
  warnings.warn(
/home/comparendos/venv/lib/python3.12/site-packages/urllib3/connectionpool.py:1097: InsecureRequestWarning: Unverified HTTPS request is being made to host 'serviciosdigitales.movilidadavanzadabello.com.co'. Adding certificate verification is strongly advised. See: https://urllib3.readthedocs.io/en/latest/advanced-usage.html#tls-warnings
  warnings.warn(
/home/comparendos/venv/lib/python3.12/site-packages/urllib3/connectionpool.py:1097: InsecureRequestWarning: Unverified HTTPS request is being made to host 'serviciosdigitales.movilidadavanzadabello.com.co'. Adding certificate verification is strongly advised. See: https://urllib3.readthedocs.io/en/latest/advanced-usage.html#tls-warnings
  warnings.warn(
/home/comparendos/venv/lib/python3.12/site-packages/urllib3/connectionpool.py:1097: InsecureRequestWarning: Unverified HTTPS request is being made to host 'serviciosdigitales.movilidadavanzadabello.com.co'. Adding certificate verification is strongly advised. See: https://urllib3.readthedocs.io/en/latest/advanced-usage.html#tls-warnings
  warnings.warn(
/home/comparendos/venv/lib/python3.12/site-packages/urllib3/connectionpool.py:1097: InsecureRequestWarning: Unverified HTTPS request is being made to host 'serviciosdigitales.movilidadavanzadabello.com.co'. Adding certificate verification is strongly advised. See: https://urllib3.readthedocs.io/en/latest/advanced-usage.html#tls-warnings
  warnings.warn(
/home/comparendos/venv/lib/python3.12/site-packages/urllib3/connectionpool.py:1097: InsecureRequestWarning: Unverified HTTPS request is being made to host 'serviciosdigitales.movilidadavanzadabello.com.co'. Adding certificate verification is strongly advised. See: https://urllib3.readthedocs.io/en/latest/advanced-usage.html#tls-warnings
  warnings.warn(
/home/comparendos/venv/lib/python3.12/site-packages/urllib3/connectionpool.py:1097: InsecureRequestWarning: Unverified HTTPS request is being made to host 'serviciosdigitales.movilidadavanzadabello.com.co'. Adding certificate verification is strongly advised. See: https://urllib3.readthedocs.io/en/latest/advanced-usage.html#tls-warnings
  warnings.warn(
/home/comparendos/venv/lib/python3.12/site-packages/urllib3/connectionpool.py:1097: InsecureRequestWarning: Unverified HTTPS request is being made to host 'serviciosdigitales.movilidadavanzadabello.com.co'. Adding certificate verification is strongly advised. See: https://urllib3.readthedocs.io/en/latest/advanced-usage.html#tls-warnings
  warnings.warn(
/home/comparendos/venv/lib/python3.12/site-packages/urllib3/connectionpool.py:1097: InsecureRequestWarning: Unverified HTTPS request is being made to host 'serviciosdigitales.movilidadavanzadabello.com.co'. Adding certificate verification is strongly advised. See: https://urllib3.readthedocs.io/en/latest/advanced-usage.html#tls-warnings
  warnings.warn(
/home/comparendos/venv/lib/python3.12/site-packages/urllib3/connectionpool.py:1097: InsecureRequestWarning: Unverified HTTPS request is being made to host 'serviciosdigitales.movilidadavanzadabello.com.co'. Adding certificate verification is strongly advised. See: https://urllib3.readthedocs.io/en/latest/advanced-usage.html#tls-warnings
  warnings.warn(
/home/comparendos/venv/lib/python3.12/site-packages/urllib3/connectionpool.py:1097: InsecureRequestWarning: Unverified HTTPS request is being made to host 'serviciosdigitales.movilidadavanzadabello.com.co'. Adding certificate verification is strongly advised. See: https://urllib3.readthedocs.io/en/latest/advanced-usage.html#tls-warnings
  warnings.warn(
/home/comparendos/venv/lib/python3.12/site-packages/urllib3/connectionpool.py:1097: InsecureRequestWarning: Unverified HTTPS request is being made to host 'serviciosdigitales.movilidadavanzadabello.com.co'. Adding certificate verification is strongly advised. See: https://urllib3.readthedocs.io/en/latest/advanced-usage.html#tls-warnings
  warnings.warn(
/home/comparendos/venv/lib/python3.12/site-packages/urllib3/connectionpool.py:1097: InsecureRequestWarning: Unverified HTTPS request is being made to host 'serviciosdigitales.movilidadavanzadabello.com.co'. Adding certificate verification is strongly advised. See: https://urllib3.readthedocs.io/en/latest/advanced-usage.html#tls-warnings
  warnings.warn(
/home/comparendos/venv/lib/python3.12/site-packages/urllib3/connectionpool.py:1097: InsecureRequestWarning: Unverified HTTPS request is being made to host 'serviciosdigitales.movilidadavanzadabello.com.co'. Adding certificate verification is strongly advised. See: https://urllib3.readthedocs.io/en/latest/advanced-usage.html#tls-warnings
  warnings.warn(
/home/comparendos/venv/lib/python3.12/site-packages/urllib3/connectionpool.py:1097: InsecureRequestWarning: Unverified HTTPS request is being made to host 'serviciosdigitales.movilidadavanzadabello.com.co'. Adding certificate verification is strongly advised. See: https://urllib3.readthedocs.io/en/latest/advanced-usage.html#tls-warnings
  warnings.warn(
/home/comparendos/venv/lib/python3.12/site-packages/urllib3/connectionpool.py:1097: InsecureRequestWarning: Unverified HTTPS request is being made to host 'serviciosdigitales.movilidadavanzadabello.com.co'. Adding certificate verification is strongly advised. See: https://urllib3.readthedocs.io/en/latest/advanced-usage.html#tls-warnings
  warnings.warn(
/home/comparendos/venv/lib/python3.12/site-packages/urllib3/connectionpool.py:1097: InsecureRequestWarning: Unverified HTTPS request is being made to host 'serviciosdigitales.movilidadavanzadabello.com.co'. Adding certificate verification is strongly advised. See: https://urllib3.readthedocs.io/en/latest/advanced-usage.html#tls-warnings
  warnings.warn(
/home/comparendos/venv/lib/python3.12/site-packages/urllib3/connectionpool.py:1097: InsecureRequestWarning: Unverified HTTPS request is being made to host 'serviciosdigitales.movilidadavanzadabello.com.co'. Adding certificate verification is strongly advised. See: https://urllib3.readthedocs.io/en/latest/advanced-usage.html#tls-warnings
  warnings.warn(
Es lunes, procesando también clientes del fin de semana
Inicio del proceso diario: [2026-06-29 08:00:01]
Fechas a procesar: ['2026-06-27', '2026-06-28', '2026-06-29']
Fecha 2026-06-27: 48 registros
Fecha 2026-06-28: 12 registros
Fecha 2026-06-29: Sin registros
Total a procesar: 60 registros
Error en consulta_info_home_public para MEDELLIN: HTTPSConnectionPool(host='www.medellin.gov.co', port=443): Read timed out. (read timeout=30)
Error en MEDELLIN: 'NoneType' object has no attribute 'json'
Error en consulta_info_home_public para MEDELLIN: HTTPSConnectionPool(host='www.medellin.gov.co', port=443): Read timed out. (read timeout=30)
Error en MEDELLIN: 'NoneType' object has no attribute 'json'
Error en consulta_info_home_public para MEDELLIN: HTTPSConnectionPool(host='www.medellin.gov.co', port=443): Read timed out. (read timeout=30)
Error en MEDELLIN: 'NoneType' object has no attribute 'json'
Error en consulta_info_home_public para MEDELLIN: HTTPSConnectionPool(host='www.medellin.gov.co', port=443): Read timed out. (read timeout=30)
Error en MEDELLIN: 'NoneType' object has no attribute 'json'
Error en consulta_info_home_public para MEDELLIN: HTTPSConnectionPool(host='www.medellin.gov.co', port=443): Read timed out. (read timeout=30)
Error en MEDELLIN: 'NoneType' object has no attribute 'json'
Error en consulta_info_home_public para MEDELLIN: HTTPSConnectionPool(host='www.medellin.gov.co', port=443): Read timed out. (read timeout=30)
Error en MEDELLIN: 'NoneType' object has no attribute 'json'
Error en consulta_info_home_public para MEDELLIN: HTTPSConnectionPool(host='www.medellin.gov.co', port=443): Read timed out. (read timeout=30)
Error en MEDELLIN: 'NoneType' object has no attribute 'json'
Error en consulta_info_home_public para MEDELLIN: HTTPSConnectionPool(host='www.medellin.gov.co', port=443): Read timed out. (read timeout=30)
Error en MEDELLIN: 'NoneType' object has no attribute 'json'
Error en consulta_info_home_public para MEDELLIN: HTTPSConnectionPool(host='www.medellin.gov.co', port=443): Read timed out. (read timeout=30)
Error en MEDELLIN: 'NoneType' object has no attribute 'json'
Error en consulta_info_home_public para MEDELLIN: HTTPSConnectionPool(host='www.medellin.gov.co', port=443): Read timed out. (read timeout=30)
Error en MEDELLIN: 'NoneType' object has no attribute 'json'
Error en consulta_info_home_public para MEDELLIN: HTTPSConnectionPool(host='www.medellin.gov.co', port=443): Read timed out. (read timeout=30)
Error en MEDELLIN: 'NoneType' object has no attribute 'json'
Error en consulta_info_home_public para MEDELLIN: HTTPSConnectionPool(host='www.medellin.gov.co', port=443): Read timed out. (read timeout=30)
Error en MEDELLIN: 'NoneType' object has no attribute 'json'
Error en consulta_info_home_public para MEDELLIN: HTTPSConnectionPool(host='www.medellin.gov.co', port=443): Read timed out. (read timeout=30)
Error en MEDELLIN: 'NoneType' object has no attribute 'json'
Error en consulta_info_home_public para MEDELLIN: HTTPSConnectionPool(host='www.medellin.gov.co', port=443): Read timed out. (read timeout=30)
Error en MEDELLIN: 'NoneType' object has no attribute 'json'
Error en consulta_info_home_public para MEDELLIN: HTTPSConnectionPool(host='www.medellin.gov.co', port=443): Read timed out. (read timeout=30)
Error en MEDELLIN: 'NoneType' object has no attribute 'json'
Error en consulta_info_home_public para MEDELLIN: HTTPSConnectionPool(host='www.medellin.gov.co', port=443): Read timed out. (read timeout=30)
Error en MEDELLIN: 'NoneType' object has no attribute 'json'
Error en consulta_info_home_public para MEDELLIN: HTTPSConnectionPool(host='www.medellin.gov.co', port=443): Read timed out. (read timeout=30)
Error en MEDELLIN: 'NoneType' object has no attribute 'json'
Error en consulta_info_home_public para MEDELLIN: HTTPSConnectionPool(host='www.medellin.gov.co', port=443): Read timed out. (read timeout=30)
Error en MEDELLIN: 'NoneType' object has no attribute 'json'
Error en consulta_info_home_public para MEDELLIN: HTTPSConnectionPool(host='www.medellin.gov.co', port=443): Read timed out. (read timeout=30)
Error en MEDELLIN: 'NoneType' object has no attribute 'json'
Error en consulta_info_home_public para MEDELLIN: HTTPSConnectionPool(host='www.medellin.gov.co', port=443): Read timed out. (read timeout=30)
Error en MEDELLIN: 'NoneType' object has no attribute 'json'
Error en consulta_info_home_public para MEDELLIN: HTTPSConnectionPool(host='www.medellin.gov.co', port=443): Read timed out. (read timeout=30)
Error en MEDELLIN: 'NoneType' object has no attribute 'json'
Error en consulta_info_home_public para MEDELLIN: HTTPSConnectionPool(host='www.medellin.gov.co', port=443): Read timed out. (read timeout=30)
Error en MEDELLIN: 'NoneType' object has no attribute 'json'
Error en consulta_info_home_public para MEDELLIN: HTTPSConnectionPool(host='www.medellin.gov.co', port=443): Read timed out. (read timeout=30)
Error en MEDELLIN: 'NoneType' object has no attribute 'json'
Error en consulta_info_home_public para MEDELLIN: HTTPSConnectionPool(host='www.medellin.gov.co', port=443): Read timed out. (read timeout=30)
Error en MEDELLIN: 'NoneType' object has no attribute 'json'
Error en consulta_info_home_public para MEDELLIN: HTTPSConnectionPool(host='www.medellin.gov.co', port=443): Read timed out. (read timeout=30)
Error en MEDELLIN: 'NoneType' object has no attribute 'json'
Error en consulta_info_home_public para MEDELLIN: HTTPSConnectionPool(host='www.medellin.gov.co', port=443): Read timed out. (read timeout=30)
Error en MEDELLIN: 'NoneType' object has no attribute 'json'
Error en consulta_info_home_public para MEDELLIN: HTTPSConnectionPool(host='www.medellin.gov.co', port=443): Read timed out. (read timeout=30)
Error en MEDELLIN: 'NoneType' object has no attribute 'json'
Error en consulta_info_home_public para MEDELLIN: HTTPSConnectionPool(host='www.medellin.gov.co', port=443): Read timed out. (read timeout=30)
Error en MEDELLIN: 'NoneType' object has no attribute 'json'
Error en consulta_info_home_public para MEDELLIN: HTTPSConnectionPool(host='www.medellin.gov.co', port=443): Read timed out. (read timeout=30)
Error en MEDELLIN: 'NoneType' object has no attribute 'json'
Error en consulta_info_home_public para MEDELLIN: HTTPSConnectionPool(host='www.medellin.gov.co', port=443): Read timed out. (read timeout=30)
Error en MEDELLIN: 'NoneType' object has no attribute 'json'
Error en consulta_info_home_public para MEDELLIN: HTTPSConnectionPool(host='www.medellin.gov.co', port=443): Read timed out. (read timeout=30)
Error en MEDELLIN: 'NoneType' object has no attribute 'json'
Error en consulta_info_home_public para MEDELLIN: HTTPSConnectionPool(host='www.medellin.gov.co', port=443): Read timed out. (read timeout=30)
Error en MEDELLIN: 'NoneType' object has no attribute 'json'
Error en consulta_info_home_public para MEDELLIN: HTTPSConnectionPool(host='www.medellin.gov.co', port=443): Read timed out. (read timeout=30)
Error en MEDELLIN: 'NoneType' object has no attribute 'json'
Error en consulta_info_home_public para MEDELLIN: HTTPSConnectionPool(host='www.medellin.gov.co', port=443): Read timed out. (read timeout=30)
Error en MEDELLIN: 'NoneType' object has no attribute 'json'
Error en consulta_info_home_public para MEDELLIN: HTTPSConnectionPool(host='www.medellin.gov.co', port=443): Read timed out. (read timeout=30)
Error en MEDELLIN: 'NoneType' object has no attribute 'json'
Error en consulta_info_home_public para MEDELLIN: HTTPSConnectionPool(host='www.medellin.gov.co', port=443): Read timed out. (read timeout=30)
Error en MEDELLIN: 'NoneType' object has no attribute 'json'
Error en consulta_info_home_public para MEDELLIN: HTTPSConnectionPool(host='www.medellin.gov.co', port=443): Read timed out. (read timeout=30)
Error en MEDELLIN: 'NoneType' object has no attribute 'json'
Error en consulta_info_home_public para MEDELLIN: HTTPSConnectionPool(host='www.medellin.gov.co', port=443): Read timed out. (read timeout=30)
Error en MEDELLIN: 'NoneType' object has no attribute 'json'
Error en consulta_info_home_public para MEDELLIN: HTTPSConnectionPool(host='www.medellin.gov.co', port=443): Read timed out. (read timeout=30)
Error en MEDELLIN: 'NoneType' object has no attribute 'json'/home/comparendos/venv/lib/python3.12/site-packages/urllib3/connectionpool.py:1097: InsecureRequestWarning: Unverified HTTPS request is being made to host 'serviciosdigitales.movilidadavanzadabello.com.co'. Adding certificate verification is strongly advised. See: https://urllib3.readthedocs.io/en/latest/advanced-usage.html#tls-warnings
  warnings.warn(
/home/comparendos/venv/lib/python3.12/site-packages/urllib3/connectionpool.py:1097: InsecureRequestWarning: Unverified HTTPS request is being made to host 'serviciosdigitales.movilidadavanzadabello.com.co'. Adding certificate verification is strongly advised. See: https://urllib3.readthedocs.io/en/latest/advanced-usage.html#tls-warnings
  warnings.warn(
/home/comparendos/venv/lib/python3.12/site-packages/urllib3/connectionpool.py:1097: InsecureRequestWarning: Unverified HTTPS request is being made to host 'serviciosdigitales.movilidadavanzadabello.com.co'. Adding certificate verification is strongly advised. See: https://urllib3.readthedocs.io/en/latest/advanced-usage.html#tls-warnings
  warnings.warn(
/home/comparendos/venv/lib/python3.12/site-packages/urllib3/connectionpool.py:1097: InsecureRequestWarning: Unverified HTTPS request is being made to host 'serviciosdigitales.movilidadavanzadabello.com.co'. Adding certificate verification is strongly advised. See: https://urllib3.readthedocs.io/en/latest/advanced-usage.html#tls-warnings
  warnings.warn(
/home/comparendos/venv/lib/python3.12/site-packages/urllib3/connectionpool.py:1097: InsecureRequestWarning: Unverified HTTPS request is being made to host 'serviciosdigitales.movilidadavanzadabello.com.co'. Adding certificate verification is strongly advised. See: https://urllib3.readthedocs.io/en/latest/advanced-usage.html#tls-warnings
  warnings.warn(
/home/comparendos/venv/lib/python3.12/site-packages/urllib3/connectionpool.py:1097: InsecureRequestWarning: Unverified HTTPS request is being made to host 'serviciosdigitales.movilidadavanzadabello.com.co'. Adding certificate verification is strongly advised. See: https://urllib3.readthedocs.io/en/latest/advanced-usage.html#tls-warnings
  warnings.warn(
/home/comparendos/venv/lib/python3.12/site-packages/urllib3/connectionpool.py:1097: InsecureRequestWarning: Unverified HTTPS request is being made to host 'serviciosdigitales.movilidadavanzadabello.com.co'. Adding certificate verification is strongly advised. See: https://urllib3.readthedocs.io/en/latest/advanced-usage.html#tls-warnings
  warnings.warn(
/home/comparendos/venv/lib/python3.12/site-packages/urllib3/connectionpool.py:1097: InsecureRequestWarning: Unverified HTTPS request is being made to host 'serviciosdigitales.movilidadavanzadabello.com.co'. Adding certificate verification is strongly advised. See: https://urllib3.readthedocs.io/en/latest/advanced-usage.html#tls-warnings
  warnings.warn(
/home/comparendos/venv/lib/python3.12/site-packages/urllib3/connectionpool.py:1097: InsecureRequestWarning: Unverified HTTPS request is being made to host 'serviciosdigitales.movilidadavanzadabello.com.co'. Adding certificate verification is strongly advised. See: https://urllib3.readthedocs.io/en/latest/advanced-usage.html#tls-warnings
  warnings.warn(
/home/comparendos/venv/lib/python3.12/site-packages/urllib3/connectionpool.py:1097: InsecureRequestWarning: Unverified HTTPS request is being made to host 'serviciosdigitales.movilidadavanzadabello.com.co'. Adding certificate verification is strongly advised. See: https://urllib3.readthedocs.io/en/latest/advanced-usage.html#tls-warnings
  warnings.warn(
/home/comparendos/venv/lib/python3.12/site-packages/urllib3/connectionpool.py:1097: InsecureRequestWarning: Unverified HTTPS request is being made to host 'serviciosdigitales.movilidadavanzadabello.com.co'. Adding certificate verification is strongly advised. See: https://urllib3.readthedocs.io/en/latest/advanced-usage.html#tls-warnings
  warnings.warn(
/home/comparendos/venv/lib/python3.12/site-packages/urllib3/connectionpool.py:1097: InsecureRequestWarning: Unverified HTTPS request is being made to host 'serviciosdigitales.movilidadavanzadabello.com.co'. Adding certificate verification is strongly advised. See: https://urllib3.readthedocs.io/en/latest/advanced-usage.html#tls-warnings
  warnings.warn(
/home/comparendos/venv/lib/python3.12/site-packages/urllib3/connectionpool.py:1097: InsecureRequestWarning: Unverified HTTPS request is being made to host 'serviciosdigitales.movilidadavanzadabello.com.co'. Adding certificate verification is strongly advised. See: https://urllib3.readthedocs.io/en/latest/advanced-usage.html#tls-warnings
  warnings.warn(
/home/comparendos/venv/lib/python3.12/site-packages/urllib3/connectionpool.py:1097: InsecureRequestWarning: Unverified HTTPS request is being made to host 'serviciosdigitales.movilidadavanzadabello.com.co'. Adding certificate verification is strongly advised. See: https://urllib3.readthedocs.io/en/latest/advanced-usage.html#tls-warnings
  warnings.warn(
/home/comparendos/venv/lib/python3.12/site-packages/urllib3/connectionpool.py:1097: InsecureRequestWarning: Unverified HTTPS request is being made to host 'serviciosdigitales.movilidadavanzadabello.com.co'. Adding certificate verification is strongly advised. See: https://urllib3.readthedocs.io/en/latest/advanced-usage.html#tls-warnings
  warnings.warn(
/home/comparendos/venv/lib/python3.12/site-packages/urllib3/connectionpool.py:1097: InsecureRequestWarning: Unverified HTTPS request is being made to host 'serviciosdigitales.movilidadavanzadabello.com.co'. Adding certificate verification is strongly advised. See: https://urllib3.readthedocs.io/en/latest/advanced-usage.html#tls-warnings
  warnings.warn(
/home/comparendos/venv/lib/python3.12/site-packages/urllib3/connectionpool.py:1097: InsecureRequestWarning: Unverified HTTPS request is being made to host 'serviciosdigitales.movilidadavanzadabello.com.co'. Adding certificate verification is strongly advised. See: https://urllib3.readthedocs.io/en/latest/advanced-usage.html#tls-warnings
  warnings.warn(
/home/comparendos/venv/lib/python3.12/site-packages/urllib3/connectionpool.py:1097: InsecureRequestWarning: Unverified HTTPS request is being made to host 'serviciosdigitales.movilidadavanzadabello.com.co'. Adding certificate verification is strongly advised. See: https://urllib3.readthedocs.io/en/latest/advanced-usage.html#tls-warnings
  warnings.warn(
/home/comparendos/venv/lib/python3.12/site-packages/urllib3/connectionpool.py:1097: InsecureRequestWarning: Unverified HTTPS request is being made to host 'serviciosdigitales.movilidadavanzadabello.com.co'. Adding certificate verification is strongly advised. See: https://urllib3.readthedocs.io/en/latest/advanced-usage.html#tls-warnings
  warnings.warn(
/home/comparendos/venv/lib/python3.12/site-packages/urllib3/connectionpool.py:1097: InsecureRequestWarning: Unverified HTTPS request is being made to host 'serviciosdigitales.movilidadavanzadabello.com.co'. Adding certificate verification is strongly advised. See: https://urllib3.readthedocs.io/en/latest/advanced-usage.html#tls-warnings
  warnings.warn(
/home/comparendos/venv/lib/python3.12/site-packages/urllib3/connectionpool.py:1097: InsecureRequestWarning: Unverified HTTPS request is being made to host 'serviciosdigitales.movilidadavanzadabello.com.co'. Adding certificate verification is strongly advised. See: https://urllib3.readthedocs.io/en/latest/advanced-usage.html#tls-warnings
  warnings.warn(

Error en consulta_info_home_public para MEDELLIN: HTTPSConnectionPool(host='www.medellin.gov.co', port=443): Read timed out. (read timeout=30)
Error en MEDELLIN: 'NoneType' object has no attribute 'json'
Error en consulta_info_home_public para MEDELLIN: HTTPSConnectionPool(host='www.medellin.gov.co', port=443): Read timed out. (read timeout=30)
Error en MEDELLIN: 'NoneType' object has no attribute 'json'
Error en consulta_info_home_public para MEDELLIN: HTTPSConnectionPool(host='www.medellin.gov.co', port=443): Read timed out. (read timeout=30)
Error en MEDELLIN: 'NoneType' object has no attribute 'json'
Error en consulta_info_home_public para MEDELLIN: HTTPSConnectionPool(host='www.medellin.gov.co', port=443): Read timed out. (read timeout=30)
Error en MEDELLIN: 'NoneType' object has no attribute 'json'
Error en consulta_info_home_public para MEDELLIN: HTTPSConnectionPool(host='www.medellin.gov.co', port=443): Read timed out. (read timeout=30)
Error en MEDELLIN: 'NoneType' object has no attribute 'json'
Error en consulta_info_home_public para MEDELLIN: HTTPSConnectionPool(host='www.medellin.gov.co', port=443): Read timed out. (read timeout=30)
Error en MEDELLIN: 'NoneType' object has no attribute 'json'
Error en consulta_info_home_public para MEDELLIN: HTTPSConnectionPool(host='www.medellin.gov.co', port=443): Read timed out. (read timeout=30)
Error en MEDELLIN: 'NoneType' object has no attribute 'json'
Error en consulta_info_home_public para MEDELLIN: HTTPSConnectionPool(host='www.medellin.gov.co', port=443): Read timed out. (read timeout=30)
Error en MEDELLIN: 'NoneType' object has no attribute 'json'
Error en consulta_info_home_public para MEDELLIN: HTTPSConnectionPool(host='www.medellin.gov.co', port=443): Read timed out. (read timeout=30)
Error en MEDELLIN: 'NoneType' object has no attribute 'json'
Error en consulta_info_home_public para MEDELLIN: HTTPSConnectionPool(host='www.medellin.gov.co', port=443): Read timed out. (read timeout=30)
Error en MEDELLIN: 'NoneType' object has no attribute 'json'
Error en consulta_info_home_public para MEDELLIN: HTTPSConnectionPool(host='www.medellin.gov.co', port=443): Read timed out. (read timeout=30)
Error en MEDELLIN: 'NoneType' object has no attribute 'json'
Error en consulta_info_home_public para MEDELLIN: HTTPSConnectionPool(host='www.medellin.gov.co', port=443): Read timed out. (read timeout=30)
Error en MEDELLIN: 'NoneType' object has no attribute 'json'
Error en consulta_info_home_public para MEDELLIN: HTTPSConnectionPool(host='www.medellin.gov.co', port=443): Read timed out. (read timeout=30)
Error en MEDELLIN: 'NoneType' object has no attribute 'json'
Error en consulta_info_home_public para MEDELLIN: HTTPSConnectionPool(host='www.medellin.gov.co', port=443): Read timed out. (read timeout=30)
Error en MEDELLIN: 'NoneType' object has no attribute 'json'
Error en consulta_info_home_public para MEDELLIN: HTTPSConnectionPool(host='www.medellin.gov.co', port=443): Read timed out. (read timeout=30)
Error en MEDELLIN: 'NoneType' object has no attribute 'json'
Error en consulta_info_home_public para MEDELLIN: HTTPSConnectionPool(host='www.medellin.gov.co', port=443): Read timed out. (read timeout=30)
Error en MEDELLIN: 'NoneType' object has no attribute 'json'
Error en consulta_info_home_public para MEDELLIN: HTTPSConnectionPool(host='www.medellin.gov.co', port=443): Read timed out. (read timeout=30)
Error en MEDELLIN: 'NoneType' object has no attribute 'json'
Error en consulta_info_home_public para MEDELLIN: HTTPSConnectionPool(host='www.medellin.gov.co', port=443): Read timed out. (read timeout=30)
Error en MEDELLIN: 'NoneType' object has no attribute 'json'
Error en consulta_info_home_public para MEDELLIN: HTTPSConnectionPool(host='www.medellin.gov.co', port=443): Read timed out. (read timeout=30)
Error en MEDELLIN: 'NoneType' object has no attribute 'json'
Error en consulta_info_home_public para MEDELLIN: HTTPSConnectionPool(host='www.medellin.gov.co', port=443): Read timed out. (read timeout=30)
Error en MEDELLIN: 'NoneType' object has no attribute 'json'
Error en consulta_info_home_public para MEDELLIN: HTTPSConnectionPool(host='www.medellin.gov.co', port=443): Read timed out. (read timeout=30)
Error en MEDELLIN: 'NoneType' object has no attribute 'json'
[2026-06-29 09:02:35] Enviando 1 templates para el bloque (process_template_id: yNNEV17UfPiC)
Payload para el envío yNNEV17UfPiC:
{
  "users": [
    {
      "phone": "+573006128253",
      "parameters": [
        {
          "order": 0,
          "parameter": "RIONEGRO"
        },
        {
          "order": 1,
          "parameter": "2026-05-09"
        },
        {
          "order": 2,
          "parameter": "VUJ63D"
        },
        {
          "order": 3,
          "parameter": "C29"
        },
        {
          "order": 4,
          "parameter": "Conducir un vehículo a velocidad superior a la máxima permitida, la cual deberá estar señalizada en forma sectorizada, la cual no podrá ser superior"
        }
      ]
    }
  ],
  "SaveInfo": false,
  "origin": "API",
  "templateName": "notificacion_comparendos",
  "language": "ES",
  "sender": "School Center",
  "ParametersName": []
}
[2026-06-29 09:02:40] Enviando 1 templates.
[2026-06-29 09:02:40] Respuesta del envío: True - 
Fin del proceso diario: [2026-06-29 09:02:40]
