/home/comparendos/venv/lib/python3.12/site-packages/urllib3/connectionpool.py:1097: InsecureRequestWarning: Unverified HTTPS request is being made to host 'serviciosdigitales.movilidadavanzadabello.com.co'. Adding certificate verification is strongly advised. See: https://urllib3.readthedocs.io/en/latest/advanced-usage.html#tls-warnings
  warnings.warn(
/home/comparendos/venv/lib/python3.12/site-packages/urllib3/connectionpool.py:1097: InsecureRequestWarning: Unverified HTTPS request is being made to host 'serviciosdigitales.movilidadavanzadabello.com.co'. Adding certificate verification is strongly advised. See: https://urllib3.readthedocs.io/en/latest/advanced-usage.html#tls-warnings
  warnings.warn(
/home/comparendos/venv/lib/python3.12/site-packages/urllib3/connectionpool.py:1097: InsecureRequestWarning: Unverified HTTPS request is being made to host 'serviciosdigitales.movilidadavanzadabello.com.co'. Adding certificate verification is strongly advised. See: https://urllib3.readthedocs.io/en/latest/advanced-usage.html#tls-warnings
  warnings.warn(
/home/comparendos/venv/lib/python3.12/site-packages/urllib3/connectionpool.py:1097: InsecureRequestWarning: Unverified HTTPS request is being made to host 'serviciosdigitales.movilidadavanzadabello.com.co'. Adding certificate verification is strongly advised. See: https://urllib3.readthedocs.io/en/latest/advanced-usage.html#tls-warnings
  warnings.warn(
/home/comparendos/venv/lib/python3.12/site-packages/urllib3/connectionpool.py:1097: InsecureRequestWarning: Unverified HTTPS request is being made to host 'serviciosdigitales.movilidadavanzadabello.com.co'. Adding certificate verification is strongly advised. See: https://urllib3.readthedocs.io/en/latest/advanced-usage.html#tls-warnings
  warnings.warn(
/home/comparendos/venv/lib/python3.12/site-packages/urllib3/connectionpool.py:1097: InsecureRequestWarning: Unverified HTTPS request is being made to host 'serviciosdigitales.movilidadavanzadabello.com.co'. Adding certificate verification is strongly advised. See: https://urllib3.readthedocs.io/en/latest/advanced-usage.html#tls-warnings
  warnings.warn(
/home/comparendos/venv/lib/python3.12/site-packages/urllib3/connectionpool.py:1097: InsecureRequestWarning: Unverified HTTPS request is being made to host 'serviciosdigitales.movilidadavanzadabello.com.co'. Adding certificate verification is strongly advised. See: https://urllib3.readthedocs.io/en/latest/advanced-usage.html#tls-warnings
  warnings.warn(
/home/comparendos/venv/lib/python3.12/site-packages/urllib3/connectionpool.py:1097: InsecureRequestWarning: Unverified HTTPS request is being made to host 'serviciosdigitales.movilidadavanzadabello.com.co'. Adding certificate verification is strongly advised. See: https://urllib3.readthedocs.io/en/latest/advanced-usage.html#tls-warnings
  warnings.warn(
/home/comparendos/venv/lib/python3.12/site-packages/urllib3/connectionpool.py:1097: InsecureRequestWarning: Unverified HTTPS request is being made to host 'serviciosdigitales.movilidadavanzadabello.com.co'. Adding certificate verification is strongly advised. See: https://urllib3.readthedocs.io/en/latest/advanced-usage.html#tls-warnings
  warnings.warn(
/home/comparendos/venv/lib/python3.12/site-packages/urllib3/connectionpool.py:1097: InsecureRequestWarning: Unverified HTTPS request is being made to host 'serviciosdigitales.movilidadavanzadabello.com.co'. Adding certificate verification is strongly advised. See: https://urllib3.readthedocs.io/en/latest/advanced-usage.html#tls-warnings
  warnings.warn(
/home/comparendos/venv/lib/python3.12/site-packages/urllib3/connectionpool.py:1097: InsecureRequestWarning: Unverified HTTPS request is being made to host 'serviciosdigitales.movilidadavanzadabello.com.co'. Adding certificate verification is strongly advised. See: https://urllib3.readthedocs.io/en/latest/advanced-usage.html#tls-warnings
  warnings.warn(
/home/comparendos/venv/lib/python3.12/site-packages/urllib3/connectionpool.py:1097: InsecureRequestWarning: Unverified HTTPS request is being made to host 'serviciosdigitales.movilidadavanzadabello.com.co'. Adding certificate verification is strongly advised. See: https://urllib3.readthedocs.io/en/latest/advanced-usage.html#tls-warnings
  warnings.warn(
/home/comparendos/venv/lib/python3.12/site-packages/urllib3/connectionpool.py:1097: InsecureRequestWarning: Unverified HTTPS request is being made to host 'serviciosdigitales.movilidadavanzadabello.com.co'. Adding certificate verification is strongly advised. See: https://urllib3.readthedocs.io/en/latest/advanced-usage.html#tls-warnings
  warnings.warn(
/home/comparendos/venv/lib/python3.12/site-packages/urllib3/connectionpool.py:1097: InsecureRequestWarning: Unverified HTTPS request is being made to host 'serviciosdigitales.movilidadavanzadabello.com.co'. Adding certificate verification is strongly advised. See: https://urllib3.readthedocs.io/en/latest/advanced-usage.html#tls-warnings
  warnings.warn(
/home/comparendos/venv/lib/python3.12/site-packages/urllib3/connectionpool.py:1097: InsecureRequestWarning: Unverified HTTPS request is being made to host 'serviciosdigitales.movilidadavanzadabello.com.co'. Adding certificate verification is strongly advised. See: https://urllib3.readthedocs.io/en/latest/advanced-usage.html#tls-warnings
  warnings.warn(
/home/comparendos/venv/lib/python3.12/site-packages/urllib3/connectionpool.py:1097: InsecureRequestWarning: Unverified HTTPS request is being made to host 'serviciosdigitales.movilidadavanzadabello.com.co'. Adding certificate verification is strongly advised. See: https://urllib3.readthedocs.io/en/latest/advanced-usage.html#tls-warnings
  warnings.warn(
/home/comparendos/venv/lib/python3.12/site-packages/urllib3/connectionpool.py:1097: InsecureRequestWarning: Unverified HTTPS request is being made to host 'serviciosdigitales.movilidadavanzadabello.com.co'. Adding certificate verification is strongly advised. See: https://urllib3.readthedocs.io/en/latest/advanced-usage.html#tls-warnings
  warnings.warn(
/home/comparendos/venv/lib/python3.12/site-packages/urllib3/connectionpool.py:1097: InsecureRequestWarning: Unverified HTTPS request is being made to host 'serviciosdigitales.movilidadavanzadabello.com.co'. Adding certificate verification is strongly advised. See: https://urllib3.readthedocs.io/en/latest/advanced-usage.html#tls-warnings
  warnings.warn(
/home/comparendos/venv/lib/python3.12/site-packages/urllib3/connectionpool.py:1097: InsecureRequestWarning: Unverified HTTPS request is being made to host 'serviciosdigitales.movilidadavanzadabello.com.co'. Adding certificate verification is strongly advised. See: https://urllib3.readthedocs.io/en/latest/advanced-usage.html#tls-warnings
  warnings.warn(
/home/comparendos/venv/lib/python3.12/site-packages/urllib3/connectionpool.py:1097: InsecureRequestWarning: Unverified HTTPS request is being made to host 'serviciosdigitales.movilidadavanzadabello.com.co'. Adding certificate verification is strongly advised. See: https://urllib3.readthedocs.io/en/latest/advanced-usage.html#tls-warnings
  warnings.warn(
/home/comparendos/venv/lib/python3.12/site-packages/urllib3/connectionpool.py:1097: InsecureRequestWarning: Unverified HTTPS request is being made to host 'serviciosdigitales.movilidadavanzadabello.com.co'. Adding certificate verification is strongly advised. See: https://urllib3.readthedocs.io/en/latest/advanced-usage.html#tls-warnings
  warnings.warn(
/home/comparendos/venv/lib/python3.12/site-packages/urllib3/connectionpool.py:1097: InsecureRequestWarning: Unverified HTTPS request is being made to host 'serviciosdigitales.movilidadavanzadabello.com.co'. Adding certificate verification is strongly advised. See: https://urllib3.readthedocs.io/en/latest/advanced-usage.html#tls-warnings
  warnings.warn(
/home/comparendos/venv/lib/python3.12/site-packages/urllib3/connectionpool.py:1097: InsecureRequestWarning: Unverified HTTPS request is being made to host 'serviciosdigitales.movilidadavanzadabello.com.co'. Adding certificate verification is strongly advised. See: https://urllib3.readthedocs.io/en/latest/advanced-usage.html#tls-warnings
  warnings.warn(
/home/comparendos/venv/lib/python3.12/site-packages/urllib3/connectionpool.py:1097: InsecureRequestWarning: Unverified HTTPS request is being made to host 'serviciosdigitales.movilidadavanzadabello.com.co'. Adding certificate verification is strongly advised. See: https://urllib3.readthedocs.io/en/latest/advanced-usage.html#tls-warnings
  warnings.warn(
/home/comparendos/venv/lib/python3.12/site-packages/urllib3/connectionpool.py:1097: InsecureRequestWarning: Unverified HTTPS request is being made to host 'serviciosdigitales.movilidadavanzadabello.com.co'. Adding certificate verification is strongly advised. See: https://urllib3.readthedocs.io/en/latest/advanced-usage.html#tls-warnings
  warnings.warn(
/home/comparendos/venv/lib/python3.12/site-packages/urllib3/connectionpool.py:1097: InsecureRequestWarning: Unverified HTTPS request is being made to host 'serviciosdigitales.movilidadavanzadabello.com.co'. Adding certificate verification is strongly advised. See: https://urllib3.readthedocs.io/en/latest/advanced-usage.html#tls-warnings
  warnings.warn(
/home/comparendos/venv/lib/python3.12/site-packages/urllib3/connectionpool.py:1097: InsecureRequestWarning: Unverified HTTPS request is being made to host 'serviciosdigitales.movilidadavanzadabello.com.co'. Adding certificate verification is strongly advised. See: https://urllib3.readthedocs.io/en/latest/advanced-usage.html#tls-warnings
  warnings.warn(
/home/comparendos/venv/lib/python3.12/site-packages/urllib3/connectionpool.py:1097: InsecureRequestWarning: Unverified HTTPS request is being made to host 'serviciosdigitales.movilidadavanzadabello.com.co'. Adding certificate verification is strongly advised. See: https://urllib3.readthedocs.io/en/latest/advanced-usage.html#tls-warnings
  warnings.warn(
/home/comparendos/venv/lib/python3.12/site-packages/urllib3/connectionpool.py:1097: InsecureRequestWarning: Unverified HTTPS request is being made to host 'serviciosdigitales.movilidadavanzadabello.com.co'. Adding certificate verification is strongly advised. See: https://urllib3.readthedocs.io/en/latest/advanced-usage.html#tls-warnings
  warnings.warn(
/home/comparendos/venv/lib/python3.12/site-packages/urllib3/connectionpool.py:1097: InsecureRequestWarning: Unverified HTTPS request is being made to host 'serviciosdigitales.movilidadavanzadabello.com.co'. Adding certificate verification is strongly advised. See: https://urllib3.readthedocs.io/en/latest/advanced-usage.html#tls-warnings
  warnings.warn(
/home/comparendos/venv/lib/python3.12/site-packages/urllib3/connectionpool.py:1097: InsecureRequestWarning: Unverified HTTPS request is being made to host 'serviciosdigitales.movilidadavanzadabello.com.co'. Adding certificate verification is strongly advised. See: https://urllib3.readthedocs.io/en/latest/advanced-usage.html#tls-warnings
  warnings.warn(
/home/comparendos/venv/lib/python3.12/site-packages/urllib3/connectionpool.py:1097: InsecureRequestWarning: Unverified HTTPS request is being made to host 'serviciosdigitales.movilidadavanzadabello.com.co'. Adding certificate verification is strongly advised. See: https://urllib3.readthedocs.io/en/latest/advanced-usage.html#tls-warnings
  warnings.warn(
/home/comparendos/venv/lib/python3.12/site-packages/urllib3/connectionpool.py:1097: InsecureRequestWarning: Unverified HTTPS request is being made to host 'serviciosdigitales.movilidadavanzadabello.com.co'. Adding certificate verification is strongly advised. See: https://urllib3.readthedocs.io/en/latest/advanced-usage.html#tls-warnings
  warnings.warn(
/home/comparendos/venv/lib/python3.12/site-packages/urllib3/connectionpool.py:1097: InsecureRequestWarning: Unverified HTTPS request is being made to host 'serviciosdigitales.movilidadavanzadabello.com.co'. Adding certificate verification is strongly advised. See: https://urllib3.readthedocs.io/en/latest/advanced-usage.html#tls-warnings
  warnings.warn(
/home/comparendos/venv/lib/python3.12/site-packages/urllib3/connectionpool.py:1097: InsecureRequestWarning: Unverified HTTPS request is being made to host 'serviciosdigitales.movilidadavanzadabello.com.co'. Adding certificate verification is strongly advised. See: https://urllib3.readthedocs.io/en/latest/advanced-usage.html#tls-warnings
  warnings.warn(
/home/comparendos/venv/lib/python3.12/site-packages/urllib3/connectionpool.py:1097: InsecureRequestWarning: Unverified HTTPS request is being made to host 'serviciosdigitales.movilidadavanzadabello.com.co'. Adding certificate verification is strongly advised. See: https://urllib3.readthedocs.io/en/latest/advanced-usage.html#tls-warnings
  warnings.warn(
/home/comparendos/venv/lib/python3.12/site-packages/urllib3/connectionpool.py:1097: InsecureRequestWarning: Unverified HTTPS request is being made to host 'serviciosdigitales.movilidadavanzadabello.com.co'. Adding certificate verification is strongly advised. See: https://urllib3.readthedocs.io/en/latest/advanced-usage.html#tls-warnings
  warnings.warn(
/home/comparendos/venv/lib/python3.12/site-packages/urllib3/connectionpool.py:1097: InsecureRequestWarning: Unverified HTTPS request is being made to host 'serviciosdigitales.movilidadavanzadabello.com.co'. Adding certificate verification is strongly advised. See: https://urllib3.readthedocs.io/en/latest/advanced-usage.html#tls-warnings
  warnings.warn(
/home/comparendos/venv/lib/python3.12/site-packages/urllib3/connectionpool.py:1097: InsecureRequestWarning: Unverified HTTPS request is being made to host 'serviciosdigitales.movilidadavanzadabello.com.co'. Adding certificate verification is strongly advised. See: https://urllib3.readthedocs.io/en/latest/advanced-usage.html#tls-warnings
  warnings.warn(
/home/comparendos/venv/lib/python3.12/site-packages/urllib3/connectionpool.py:1097: InsecureRequestWarning: Unverified HTTPS request is being made to host 'serviciosdigitales.movilidadavanzadabello.com.co'. Adding certificate verification is strongly advised. See: https://urllib3.readthedocs.io/en/latest/advanced-usage.html#tls-warnings
  warnings.warn(
Inicio del proceso mensual: [2026-06-29 09:00:02]
Procesando desde offset 12036, lote de 97 registros
Error en consulta_info_home_public para MEDELLIN: HTTPSConnectionPool(host='www.medellin.gov.co', port=443): Read timed out. (read timeout=30)
Error en MEDELLIN: 'NoneType' object has no attribute 'json'
Error en consulta_info_home_public para MEDELLIN: HTTPSConnectionPool(host='www.medellin.gov.co', port=443): Read timed out. (read timeout=30)
Error en MEDELLIN: 'NoneType' object has no attribute 'json'
Error en consulta_info_home_public para MEDELLIN: HTTPSConnectionPool(host='www.medellin.gov.co', port=443): Read timed out. (read timeout=30)
Error en MEDELLIN: 'NoneType' object has no attribute 'json'
Error en consulta_info_home_public para MEDELLIN: HTTPSConnectionPool(host='www.medellin.gov.co', port=443): Read timed out. (read timeout=30)
Error en MEDELLIN: 'NoneType' object has no attribute 'json'
Error en consulta_info_home_public para MEDELLIN: HTTPSConnectionPool(host='www.medellin.gov.co', port=443): Read timed out. (read timeout=30)
Error en MEDELLIN: 'NoneType' object has no attribute 'json'
Error en consulta_info_home_public para MEDELLIN: HTTPSConnectionPool(host='www.medellin.gov.co', port=443): Read timed out. (read timeout=30)
Error en MEDELLIN: 'NoneType' object has no attribute 'json'
Error en consulta_info_home_public para MEDELLIN: HTTPSConnectionPool(host='www.medellin.gov.co', port=443): Read timed out. (read timeout=30)
Error en MEDELLIN: 'NoneType' object has no attribute 'json'
Error en consulta_info_home_public para MEDELLIN: HTTPSConnectionPool(host='www.medellin.gov.co', port=443): Read timed out. (read timeout=30)
Error en MEDELLIN: 'NoneType' object has no attribute 'json'
El comparendo ya fue notificado previamente Documento: 1036657589 Comparendo: D05631000000054009906
Error en consulta_info_home_public para MEDELLIN: HTTPSConnectionPool(host='www.medellin.gov.co', port=443): Read timed out. (read timeout=30)
Error en MEDELLIN: 'NoneType' object has no attribute 'json'
Error en consulta_info_home_public para MEDELLIN: HTTPSConnectionPool(host='www.medellin.gov.co', port=443): Read timed out. (read timeout=30)
Error en MEDELLIN: 'NoneType' object has no attribute 'json'
Error en consulta_info_home_public para MEDELLIN: HTTPSConnectionPool(host='www.medellin.gov.co', port=443): Read timed out. (read timeout=30)
Error en MEDELLIN: 'NoneType' object has no attribute 'json'
Error en consulta_info_home_public para MEDELLIN: HTTPSConnectionPool(host='www.medellin.gov.co', port=443): Read timed out. (read timeout=30)
Error en MEDELLIN: 'NoneType' object has no attribute 'json'
Error en consulta_info_home_public para MEDELLIN: HTTPSConnectionPool(host='www.medellin.gov.co', port=443): Read timed out. (read timeout=30)
Error en MEDELLIN: 'NoneType' object has no attribute 'json'
Error en consulta_info_home_public para MEDELLIN: HTTPSConnectionPool(host='www.medellin.gov.co', port=443): Read timed out. (read timeout=30)
Error en MEDELLIN: 'NoneType' object has no attribute 'json'
Error en consulta_info_home_public para MEDELLIN: HTTPSConnectionPool(host='www.medellin.gov.co', port=443): Read timed out. (read timeout=30)
Error en MEDELLIN: 'NoneType' object has no attribute 'json'
Error en consulta_info_home_public para MEDELLIN: HTTPSConnectionPool(host='www.medellin.gov.co', port=443): Read timed out. (read timeout=30)
Error en MEDELLIN: 'NoneType' object has no attribute 'json'
Error en consulta_info_home_public para MEDELLIN: HTTPSConnectionPool(host='www.medellin.gov.co', port=443): Read timed out. (read timeout=30)
Error en MEDELLIN: 'NoneType' object has no attribute 'json'
Error en consulta_info_home_public para MEDELLIN: HTTPSConnectionPool(host='www.medellin.gov.co', port=443): Read timed out. (read timeout=30)
Error en MEDELLIN: 'NoneType' object has no attribute 'json'
Error en consulta_info_home_public para MEDELLIN: HTTPSConnectionPool(host='www.medellin.gov.co', port=443): Read timed out. (read timeout=30)
Error en MEDELLIN: 'NoneType' object has no attribute 'json'
Error en consulta_info_home_public para MEDELLIN: HTTPSConnectionPool(host='www.medellin.gov.co', port=443): Read timed out. (read timeout=30)
Error en MEDELLIN: 'NoneType' object has no attribute 'json'
Error en consulta_info_home_public para MEDELLIN: HTTPSConnectionPool(host='www.medellin.gov.co', port=443): Read timed out. (read timeout=30)
Error en MEDELLIN: 'NoneType' object has no attribute 'json'
Error en consulta_info_home_public para MEDELLIN: HTTPSConnectionPool(host='www.medellin.gov.co', port=443): Read timed out. (read timeout=30)
Error en MEDELLIN: 'NoneType' object has no attribute 'json'
Error en consulta_info_home_public para MEDELLIN: HTTPSConnectionPool(host='www.medellin.gov.co', port=443): Read timed out. (read timeout=30)
Error en MEDELLIN: 'NoneType' object has no attribute 'json'
Error en consulta_info_home_public para MEDELLIN: HTTPSConnectionPool(host='www.medellin.gov.co', port=443): Read timed out. (read timeout=30)
Error en MEDELLIN: 'NoneType' object has no attribute 'json'
Error en consulta_info_home_public para MEDELLIN: HTTPSConnectionPool(host='www.medellin.gov.co', port=443): Read timed out. (read timeout=30)
Error en MEDELLIN: 'NoneType' object has no attribute 'json'
Error en consulta_info_home_public para MEDELLIN: HTTPSConnectionPool(host='www.medellin.gov.co', port=443): Read timed out. (read timeout=30)
Error en MEDELLIN: 'NoneType' object has no attribute 'json'
Error en consulta_info_home_public para MEDELLIN: HTTPSConnectionPool(host='www.medellin.gov.co', port=443): Read timed out. (read timeout=30)
Error en MEDELLIN: 'NoneType' object has no attribute 'json'
Error en consulta_info_home_public para MEDELLIN: HTTPSConnectionPool(host='www.medellin.gov.co', port=443): Read timed out. (read timeout=30)
Error en MEDELLIN: 'NoneType' object has no attribute 'json'
Error en consulta_info_home_public para MEDELLIN: HTTPSConnectionPool(host='www.medellin.gov.co', port=443): Read timed out. (read timeout=30)
Error en MEDELLIN: 'NoneType' object has no attribute 'json'
El comparendo ya fue notificado previamente Documento: 43142135 Comparendo: D05088000000055468743
Error en consulta_info_home_public para MEDELLIN: HTTPSConnectionPool(host='www.medellin.gov.co', port=443): Read timed out. (read timeout=30)
Error en MEDELLIN: 'NoneType' object has no attribute 'json'
Error en consulta_info_home_public para MEDELLIN: HTTPSConnectionPool(host='www.medellin.gov.co', port=443): Read timed out. (read timeout=30)
Error en MEDELLIN: 'NoneType' object has no attribute 'json'
Error en consulta_info_home_public para MEDELLIN: HTTPSConnectionPool(host='www.medellin.gov.co', port=443): Read timed out. (read timeout=30)
Error en MEDELLIN: 'NoneType' object has no attribute 'json'
Error en consulta_info_home_public para MEDELLIN: HTTPSConnectionPool(host='www.medellin.gov.co', port=443): Read timed out. (read timeout=30)
Error en MEDELLIN: 'NoneType' object has no attribute 'json'
Error en consulta_info_home_public para MEDELLIN: HTTPSConnectionPool(host='www.medellin.gov.co', port=443): Read timed out. (read timeout=30)
Error en MEDELLIN: 'NoneType' object has no attribute 'json'
Error en consulta_info_home_public para MEDELLIN: HTTPSConnectionPool(host='www.medellin.gov.co', port=443): Read timed out. (read timeout=30)
Error en MEDELLIN: 'NoneType' object has no attribute 'json'
Error en consulta_info_home_public para MEDELLIN: HTTPSConnectionPool(host='www.medellin.gov.co', port=443): Read timed out. (read timeout=30)
Error en MEDELLIN: 'NoneType' object has no attribute 'json'
Error en consulta_info_home_public para MEDELLIN: HTTPSConnectionPool(host='www.medellin.gov.co', port=443): Read timed out. (read timeout=30)
Error en MEDELLIN: 'NoneType' object has no attribute 'json'
Error en consulta_info_home_public para MEDELLIN: HTTPSConnectionPool(host='www.medellin.gov.co', port=443): Read timed out. (read timeout=30)
Error en MEDELLIN: 'NoneType' object has no attribute 'json'
Error en consulta_info_home_public para MEDELLIN: HTTPSConnectionPool(host='www.medellin.gov.co', port=443): Read timed out. (read timeout=30)/home/comparendos/venv/lib/python3.12/site-packages/urllib3/connectionpool.py:1097: InsecureRequestWarning: Unverified HTTPS request is being made to host 'serviciosdigitales.movilidadavanzadabello.com.co'. Adding certificate verification is strongly advised. See: https://urllib3.readthedocs.io/en/latest/advanced-usage.html#tls-warnings
  warnings.warn(
/home/comparendos/venv/lib/python3.12/site-packages/urllib3/connectionpool.py:1097: InsecureRequestWarning: Unverified HTTPS request is being made to host 'serviciosdigitales.movilidadavanzadabello.com.co'. Adding certificate verification is strongly advised. See: https://urllib3.readthedocs.io/en/latest/advanced-usage.html#tls-warnings
  warnings.warn(
/home/comparendos/venv/lib/python3.12/site-packages/urllib3/connectionpool.py:1097: InsecureRequestWarning: Unverified HTTPS request is being made to host 'serviciosdigitales.movilidadavanzadabello.com.co'. Adding certificate verification is strongly advised. See: https://urllib3.readthedocs.io/en/latest/advanced-usage.html#tls-warnings
  warnings.warn(
/home/comparendos/venv/lib/python3.12/site-packages/urllib3/connectionpool.py:1097: InsecureRequestWarning: Unverified HTTPS request is being made to host 'serviciosdigitales.movilidadavanzadabello.com.co'. Adding certificate verification is strongly advised. See: https://urllib3.readthedocs.io/en/latest/advanced-usage.html#tls-warnings
  warnings.warn(
/home/comparendos/venv/lib/python3.12/site-packages/urllib3/connectionpool.py:1097: InsecureRequestWarning: Unverified HTTPS request is being made to host 'serviciosdigitales.movilidadavanzadabello.com.co'. Adding certificate verification is strongly advised. See: https://urllib3.readthedocs.io/en/latest/advanced-usage.html#tls-warnings
  warnings.warn(
/home/comparendos/venv/lib/python3.12/site-packages/urllib3/connectionpool.py:1097: InsecureRequestWarning: Unverified HTTPS request is being made to host 'serviciosdigitales.movilidadavanzadabello.com.co'. Adding certificate verification is strongly advised. See: https://urllib3.readthedocs.io/en/latest/advanced-usage.html#tls-warnings
  warnings.warn(
/home/comparendos/venv/lib/python3.12/site-packages/urllib3/connectionpool.py:1097: InsecureRequestWarning: Unverified HTTPS request is being made to host 'serviciosdigitales.movilidadavanzadabello.com.co'. Adding certificate verification is strongly advised. See: https://urllib3.readthedocs.io/en/latest/advanced-usage.html#tls-warnings
  warnings.warn(
/home/comparendos/venv/lib/python3.12/site-packages/urllib3/connectionpool.py:1097: InsecureRequestWarning: Unverified HTTPS request is being made to host 'serviciosdigitales.movilidadavanzadabello.com.co'. Adding certificate verification is strongly advised. See: https://urllib3.readthedocs.io/en/latest/advanced-usage.html#tls-warnings
  warnings.warn(
/home/comparendos/venv/lib/python3.12/site-packages/urllib3/connectionpool.py:1097: InsecureRequestWarning: Unverified HTTPS request is being made to host 'serviciosdigitales.movilidadavanzadabello.com.co'. Adding certificate verification is strongly advised. See: https://urllib3.readthedocs.io/en/latest/advanced-usage.html#tls-warnings
  warnings.warn(
/home/comparendos/venv/lib/python3.12/site-packages/urllib3/connectionpool.py:1097: InsecureRequestWarning: Unverified HTTPS request is being made to host 'serviciosdigitales.movilidadavanzadabello.com.co'. Adding certificate verification is strongly advised. See: https://urllib3.readthedocs.io/en/latest/advanced-usage.html#tls-warnings
  warnings.warn(
/home/comparendos/venv/lib/python3.12/site-packages/urllib3/connectionpool.py:1097: InsecureRequestWarning: Unverified HTTPS request is being made to host 'serviciosdigitales.movilidadavanzadabello.com.co'. Adding certificate verification is strongly advised. See: https://urllib3.readthedocs.io/en/latest/advanced-usage.html#tls-warnings
  warnings.warn(
/home/comparendos/venv/lib/python3.12/site-packages/urllib3/connectionpool.py:1097: InsecureRequestWarning: Unverified HTTPS request is being made to host 'serviciosdigitales.movilidadavanzadabello.com.co'. Adding certificate verification is strongly advised. See: https://urllib3.readthedocs.io/en/latest/advanced-usage.html#tls-warnings
  warnings.warn(
/home/comparendos/venv/lib/python3.12/site-packages/urllib3/connectionpool.py:1097: InsecureRequestWarning: Unverified HTTPS request is being made to host 'serviciosdigitales.movilidadavanzadabello.com.co'. Adding certificate verification is strongly advised. See: https://urllib3.readthedocs.io/en/latest/advanced-usage.html#tls-warnings
  warnings.warn(
/home/comparendos/venv/lib/python3.12/site-packages/urllib3/connectionpool.py:1097: InsecureRequestWarning: Unverified HTTPS request is being made to host 'serviciosdigitales.movilidadavanzadabello.com.co'. Adding certificate verification is strongly advised. See: https://urllib3.readthedocs.io/en/latest/advanced-usage.html#tls-warnings
  warnings.warn(
/home/comparendos/venv/lib/python3.12/site-packages/urllib3/connectionpool.py:1097: InsecureRequestWarning: Unverified HTTPS request is being made to host 'serviciosdigitales.movilidadavanzadabello.com.co'. Adding certificate verification is strongly advised. See: https://urllib3.readthedocs.io/en/latest/advanced-usage.html#tls-warnings
  warnings.warn(
/home/comparendos/venv/lib/python3.12/site-packages/urllib3/connectionpool.py:1097: InsecureRequestWarning: Unverified HTTPS request is being made to host 'serviciosdigitales.movilidadavanzadabello.com.co'. Adding certificate verification is strongly advised. See: https://urllib3.readthedocs.io/en/latest/advanced-usage.html#tls-warnings
  warnings.warn(
/home/comparendos/venv/lib/python3.12/site-packages/urllib3/connectionpool.py:1097: InsecureRequestWarning: Unverified HTTPS request is being made to host 'serviciosdigitales.movilidadavanzadabello.com.co'. Adding certificate verification is strongly advised. See: https://urllib3.readthedocs.io/en/latest/advanced-usage.html#tls-warnings
  warnings.warn(
/home/comparendos/venv/lib/python3.12/site-packages/urllib3/connectionpool.py:1097: InsecureRequestWarning: Unverified HTTPS request is being made to host 'serviciosdigitales.movilidadavanzadabello.com.co'. Adding certificate verification is strongly advised. See: https://urllib3.readthedocs.io/en/latest/advanced-usage.html#tls-warnings
  warnings.warn(
/home/comparendos/venv/lib/python3.12/site-packages/urllib3/connectionpool.py:1097: InsecureRequestWarning: Unverified HTTPS request is being made to host 'serviciosdigitales.movilidadavanzadabello.com.co'. Adding certificate verification is strongly advised. See: https://urllib3.readthedocs.io/en/latest/advanced-usage.html#tls-warnings
  warnings.warn(
/home/comparendos/venv/lib/python3.12/site-packages/urllib3/connectionpool.py:1097: InsecureRequestWarning: Unverified HTTPS request is being made to host 'serviciosdigitales.movilidadavanzadabello.com.co'. Adding certificate verification is strongly advised. See: https://urllib3.readthedocs.io/en/latest/advanced-usage.html#tls-warnings
  warnings.warn(
/home/comparendos/venv/lib/python3.12/site-packages/urllib3/connectionpool.py:1097: InsecureRequestWarning: Unverified HTTPS request is being made to host 'serviciosdigitales.movilidadavanzadabello.com.co'. Adding certificate verification is strongly advised. See: https://urllib3.readthedocs.io/en/latest/advanced-usage.html#tls-warnings
  warnings.warn(
/home/comparendos/venv/lib/python3.12/site-packages/urllib3/connectionpool.py:1097: InsecureRequestWarning: Unverified HTTPS request is being made to host 'serviciosdigitales.movilidadavanzadabello.com.co'. Adding certificate verification is strongly advised. See: https://urllib3.readthedocs.io/en/latest/advanced-usage.html#tls-warnings
  warnings.warn(
/home/comparendos/venv/lib/python3.12/site-packages/urllib3/connectionpool.py:1097: InsecureRequestWarning: Unverified HTTPS request is being made to host 'serviciosdigitales.movilidadavanzadabello.com.co'. Adding certificate verification is strongly advised. See: https://urllib3.readthedocs.io/en/latest/advanced-usage.html#tls-warnings
  warnings.warn(
/home/comparendos/venv/lib/python3.12/site-packages/urllib3/connectionpool.py:1097: InsecureRequestWarning: Unverified HTTPS request is being made to host 'serviciosdigitales.movilidadavanzadabello.com.co'. Adding certificate verification is strongly advised. See: https://urllib3.readthedocs.io/en/latest/advanced-usage.html#tls-warnings
  warnings.warn(
/home/comparendos/venv/lib/python3.12/site-packages/urllib3/connectionpool.py:1097: InsecureRequestWarning: Unverified HTTPS request is being made to host 'serviciosdigitales.movilidadavanzadabello.com.co'. Adding certificate verification is strongly advised. See: https://urllib3.readthedocs.io/en/latest/advanced-usage.html#tls-warnings
  warnings.warn(
/home/comparendos/venv/lib/python3.12/site-packages/urllib3/connectionpool.py:1097: InsecureRequestWarning: Unverified HTTPS request is being made to host 'serviciosdigitales.movilidadavanzadabello.com.co'. Adding certificate verification is strongly advised. See: https://urllib3.readthedocs.io/en/latest/advanced-usage.html#tls-warnings
  warnings.warn(
/home/comparendos/venv/lib/python3.12/site-packages/urllib3/connectionpool.py:1097: InsecureRequestWarning: Unverified HTTPS request is being made to host 'serviciosdigitales.movilidadavanzadabello.com.co'. Adding certificate verification is strongly advised. See: https://urllib3.readthedocs.io/en/latest/advanced-usage.html#tls-warnings
  warnings.warn(
/home/comparendos/venv/lib/python3.12/site-packages/urllib3/connectionpool.py:1097: InsecureRequestWarning: Unverified HTTPS request is being made to host 'serviciosdigitales.movilidadavanzadabello.com.co'. Adding certificate verification is strongly advised. See: https://urllib3.readthedocs.io/en/latest/advanced-usage.html#tls-warnings
  warnings.warn(
/home/comparendos/venv/lib/python3.12/site-packages/urllib3/connectionpool.py:1097: InsecureRequestWarning: Unverified HTTPS request is being made to host 'serviciosdigitales.movilidadavanzadabello.com.co'. Adding certificate verification is strongly advised. See: https://urllib3.readthedocs.io/en/latest/advanced-usage.html#tls-warnings
  warnings.warn(
/home/comparendos/venv/lib/python3.12/site-packages/urllib3/connectionpool.py:1097: InsecureRequestWarning: Unverified HTTPS request is being made to host 'serviciosdigitales.movilidadavanzadabello.com.co'. Adding certificate verification is strongly advised. See: https://urllib3.readthedocs.io/en/latest/advanced-usage.html#tls-warnings
  warnings.warn(
/home/comparendos/venv/lib/python3.12/site-packages/urllib3/connectionpool.py:1097: InsecureRequestWarning: Unverified HTTPS request is being made to host 'serviciosdigitales.movilidadavanzadabello.com.co'. Adding certificate verification is strongly advised. See: https://urllib3.readthedocs.io/en/latest/advanced-usage.html#tls-warnings
  warnings.warn(
/home/comparendos/venv/lib/python3.12/site-packages/urllib3/connectionpool.py:1097: InsecureRequestWarning: Unverified HTTPS request is being made to host 'serviciosdigitales.movilidadavanzadabello.com.co'. Adding certificate verification is strongly advised. See: https://urllib3.readthedocs.io/en/latest/advanced-usage.html#tls-warnings
  warnings.warn(
/home/comparendos/venv/lib/python3.12/site-packages/urllib3/connectionpool.py:1097: InsecureRequestWarning: Unverified HTTPS request is being made to host 'serviciosdigitales.movilidadavanzadabello.com.co'. Adding certificate verification is strongly advised. See: https://urllib3.readthedocs.io/en/latest/advanced-usage.html#tls-warnings
  warnings.warn(
/home/comparendos/venv/lib/python3.12/site-packages/urllib3/connectionpool.py:1097: InsecureRequestWarning: Unverified HTTPS request is being made to host 'serviciosdigitales.movilidadavanzadabello.com.co'. Adding certificate verification is strongly advised. See: https://urllib3.readthedocs.io/en/latest/advanced-usage.html#tls-warnings
  warnings.warn(
/home/comparendos/venv/lib/python3.12/site-packages/urllib3/connectionpool.py:1097: InsecureRequestWarning: Unverified HTTPS request is being made to host 'serviciosdigitales.movilidadavanzadabello.com.co'. Adding certificate verification is strongly advised. See: https://urllib3.readthedocs.io/en/latest/advanced-usage.html#tls-warnings
  warnings.warn(
/home/comparendos/venv/lib/python3.12/site-packages/urllib3/connectionpool.py:1097: InsecureRequestWarning: Unverified HTTPS request is being made to host 'serviciosdigitales.movilidadavanzadabello.com.co'. Adding certificate verification is strongly advised. See: https://urllib3.readthedocs.io/en/latest/advanced-usage.html#tls-warnings
  warnings.warn(
/home/comparendos/venv/lib/python3.12/site-packages/urllib3/connectionpool.py:1097: InsecureRequestWarning: Unverified HTTPS request is being made to host 'serviciosdigitales.movilidadavanzadabello.com.co'. Adding certificate verification is strongly advised. See: https://urllib3.readthedocs.io/en/latest/advanced-usage.html#tls-warnings
  warnings.warn(
/home/comparendos/venv/lib/python3.12/site-packages/urllib3/connectionpool.py:1097: InsecureRequestWarning: Unverified HTTPS request is being made to host 'serviciosdigitales.movilidadavanzadabello.com.co'. Adding certificate verification is strongly advised. See: https://urllib3.readthedocs.io/en/latest/advanced-usage.html#tls-warnings
  warnings.warn(

Error en MEDELLIN: 'NoneType' object has no attribute 'json'
Error en consulta_info_home_public para MEDELLIN: HTTPSConnectionPool(host='www.medellin.gov.co', port=443): Read timed out. (read timeout=30)
Error en MEDELLIN: 'NoneType' object has no attribute 'json'
Error en consulta_info_home_public para MEDELLIN: HTTPSConnectionPool(host='www.medellin.gov.co', port=443): Read timed out. (read timeout=30)
Error en MEDELLIN: 'NoneType' object has no attribute 'json'
Error en consulta_info_home_public para MEDELLIN: HTTPSConnectionPool(host='www.medellin.gov.co', port=443): Read timed out. (read timeout=30)
Error en MEDELLIN: 'NoneType' object has no attribute 'json'
Error en consulta_info_home_public para MEDELLIN: HTTPSConnectionPool(host='www.medellin.gov.co', port=443): Read timed out. (read timeout=30)
Error en MEDELLIN: 'NoneType' object has no attribute 'json'
Error en consulta_info_home_public para MEDELLIN: HTTPSConnectionPool(host='www.medellin.gov.co', port=443): Read timed out. (read timeout=30)
Error en MEDELLIN: 'NoneType' object has no attribute 'json'
Error en consulta_info_home_public para MEDELLIN: HTTPSConnectionPool(host='www.medellin.gov.co', port=443): Read timed out. (read timeout=30)
Error en MEDELLIN: 'NoneType' object has no attribute 'json'
Error en consulta_info_home_public para MEDELLIN: HTTPSConnectionPool(host='www.medellin.gov.co', port=443): Read timed out. (read timeout=30)
Error en MEDELLIN: 'NoneType' object has no attribute 'json'
Error en consulta_info_home_public para MEDELLIN: HTTPSConnectionPool(host='www.medellin.gov.co', port=443): Read timed out. (read timeout=30)
Error en MEDELLIN: 'NoneType' object has no attribute 'json'
Error en consulta_info_home_public para MEDELLIN: HTTPSConnectionPool(host='www.medellin.gov.co', port=443): Read timed out. (read timeout=30)
Error en MEDELLIN: 'NoneType' object has no attribute 'json'
Error en consulta_info_home_public para MEDELLIN: HTTPSConnectionPool(host='www.medellin.gov.co', port=443): Read timed out. (read timeout=30)
Error en MEDELLIN: 'NoneType' object has no attribute 'json'
Error en consulta_info_home_public para MEDELLIN: HTTPSConnectionPool(host='www.medellin.gov.co', port=443): Read timed out. (read timeout=30)
Error en MEDELLIN: 'NoneType' object has no attribute 'json'
Error en consulta_info_home_public para MEDELLIN: HTTPSConnectionPool(host='www.medellin.gov.co', port=443): Read timed out. (read timeout=30)
Error en MEDELLIN: 'NoneType' object has no attribute 'json'
Error en consulta_info_home_public para MEDELLIN: HTTPSConnectionPool(host='www.medellin.gov.co', port=443): Read timed out. (read timeout=30)
Error en MEDELLIN: 'NoneType' object has no attribute 'json'
Error en consulta_info_home_public para MEDELLIN: HTTPSConnectionPool(host='www.medellin.gov.co', port=443): Read timed out. (read timeout=30)
Error en MEDELLIN: 'NoneType' object has no attribute 'json'
Error en consulta_info_home_public para MEDELLIN: HTTPSConnectionPool(host='www.medellin.gov.co', port=443): Read timed out. (read timeout=30)
Error en MEDELLIN: 'NoneType' object has no attribute 'json'
Error en consulta_info_home_public para MEDELLIN: HTTPSConnectionPool(host='www.medellin.gov.co', port=443): Read timed out. (read timeout=30)
Error en MEDELLIN: 'NoneType' object has no attribute 'json'
Error en consulta_info_home_public para MEDELLIN: HTTPSConnectionPool(host='www.medellin.gov.co', port=443): Read timed out. (read timeout=30)
Error en MEDELLIN: 'NoneType' object has no attribute 'json'
Error en consulta_info_home_public para MEDELLIN: HTTPSConnectionPool(host='www.medellin.gov.co', port=443): Read timed out. (read timeout=30)
Error en MEDELLIN: 'NoneType' object has no attribute 'json'
Error en consulta_info_home_public para MEDELLIN: HTTPSConnectionPool(host='www.medellin.gov.co', port=443): Read timed out. (read timeout=30)
Error en MEDELLIN: 'NoneType' object has no attribute 'json'
Error en consulta_info_home_public para MEDELLIN: HTTPSConnectionPool(host='www.medellin.gov.co', port=443): Read timed out. (read timeout=30)
Error en MEDELLIN: 'NoneType' object has no attribute 'json'
Error en consulta_info_home_public para MEDELLIN: HTTPSConnectionPool(host='www.medellin.gov.co', port=443): Read timed out. (read timeout=30)
Error en MEDELLIN: 'NoneType' object has no attribute 'json'
El comparendo ya fue notificado previamente Documento: 1110540085 Comparendo: D05360000000054176877
Error en consulta_info_home_public para MEDELLIN: HTTPSConnectionPool(host='www.medellin.gov.co', port=443): Read timed out. (read timeout=30)
Error en MEDELLIN: 'NoneType' object has no attribute 'json'
Error en consulta_info_home_public para MEDELLIN: HTTPSConnectionPool(host='www.medellin.gov.co', port=443): Read timed out. (read timeout=30)
Error en MEDELLIN: 'NoneType' object has no attribute 'json'
Error en consulta_info_home_public para MEDELLIN: HTTPSConnectionPool(host='www.medellin.gov.co', port=443): Read timed out. (read timeout=30)
Error en MEDELLIN: 'NoneType' object has no attribute 'json'
Error en consulta_info_home_public para MEDELLIN: HTTPSConnectionPool(host='www.medellin.gov.co', port=443): Read timed out. (read timeout=30)
Error en MEDELLIN: 'NoneType' object has no attribute 'json'
Error en consulta_info_home_public para MEDELLIN: HTTPSConnectionPool(host='www.medellin.gov.co', port=443): Read timed out. (read timeout=30)
Error en MEDELLIN: 'NoneType' object has no attribute 'json'
Error en consulta_info_home_public para MEDELLIN: HTTPSConnectionPool(host='www.medellin.gov.co', port=443): Read timed out. (read timeout=30)
Error en MEDELLIN: 'NoneType' object has no attribute 'json'
El comparendo ya fue notificado previamente Documento: 1127573675 Comparendo: D05631000000055815791
El comparendo ya fue notificado previamente Documento: 1127573675 Comparendo: D05615000000053031628
El comparendo ya fue notificado previamente Documento: 1127573675 Comparendo: D05615000000053051677
Error en consulta_info_home_public para MEDELLIN: HTTPSConnectionPool(host='www.medellin.gov.co', port=443): Read timed out. (read timeout=30)
Error en MEDELLIN: 'NoneType' object has no attribute 'json'
Error en consulta_info_home_public para MEDELLIN: HTTPSConnectionPool(host='www.medellin.gov.co', port=443): Read timed out. (read timeout=30)
Error en MEDELLIN: 'NoneType' object has no attribute 'json'
Error en consulta_info_home_public para MEDELLIN: HTTPSConnectionPool(host='www.medellin.gov.co', port=443): Read timed out. (read timeout=30)
Error en MEDELLIN: 'NoneType' object has no attribute 'json'
Error en consulta_info_home_public para MEDELLIN: HTTPSConnectionPool(host='www.medellin.gov.co', port=443): Read timed out. (read timeout=30)
Error en MEDELLIN: 'NoneType' object has no attribute 'json'
Error en consulta_info_home_public para MEDELLIN: HTTPSConnectionPool(host='www.medellin.gov.co', port=443): Read timed out. (read timeout=30)
Error en MEDELLIN: 'NoneType' object has no attribute 'json'
Error en consulta_info_home_public para MEDELLIN: HTTPSConnectionPool(host='www.medellin.gov.co', port=443): Read timed out. (read timeout=30)
Error en MEDELLIN: 'NoneType' object has no attribute 'json'
Error en consulta_info_home_public para MEDELLIN: HTTPSConnectionPool(host='www.medellin.gov.co', port=443): Read timed out. (read timeout=30)
Error en MEDELLIN: 'NoneType' object has no attribute 'json'
Error en consulta_info_home_public para MEDELLIN: HTTPSConnectionPool(host='www.medellin.gov.co', port=443): Read timed out. (read timeout=30)
Error en MEDELLIN: 'NoneType' object has no attribute 'json'
Error en consulta_info_home_public para MEDELLIN: HTTPSConnectionPool(host='www.medellin.gov.co', port=443): Read timed out. (read timeout=30)
Error en MEDELLIN: 'NoneType' object has no attribute 'json'
Error en consulta_info_home_public para MEDELLIN: HTTPSConnectionPool(host='www.medellin.gov.co', port=443): Read timed out. (read timeout=30)
Error en MEDELLIN: 'NoneType' object has no attribute 'json'
Error en consulta_info_home_public para MEDELLIN: HTTPSConnectionPool(host='www.medellin.gov.co', port=443): Read timed out. (read timeout=30)
Error en MEDELLIN: 'NoneType' object has no attribute 'json'/home/comparendos/venv/lib/python3.12/site-packages/urllib3/connectionpool.py:1097: InsecureRequestWarning: Unverified HTTPS request is being made to host 'serviciosdigitales.movilidadavanzadabello.com.co'. Adding certificate verification is strongly advised. See: https://urllib3.readthedocs.io/en/latest/advanced-usage.html#tls-warnings
  warnings.warn(
/home/comparendos/venv/lib/python3.12/site-packages/urllib3/connectionpool.py:1097: InsecureRequestWarning: Unverified HTTPS request is being made to host 'serviciosdigitales.movilidadavanzadabello.com.co'. Adding certificate verification is strongly advised. See: https://urllib3.readthedocs.io/en/latest/advanced-usage.html#tls-warnings
  warnings.warn(
/home/comparendos/venv/lib/python3.12/site-packages/urllib3/connectionpool.py:1097: InsecureRequestWarning: Unverified HTTPS request is being made to host 'serviciosdigitales.movilidadavanzadabello.com.co'. Adding certificate verification is strongly advised. See: https://urllib3.readthedocs.io/en/latest/advanced-usage.html#tls-warnings
  warnings.warn(
/home/comparendos/venv/lib/python3.12/site-packages/urllib3/connectionpool.py:1097: InsecureRequestWarning: Unverified HTTPS request is being made to host 'serviciosdigitales.movilidadavanzadabello.com.co'. Adding certificate verification is strongly advised. See: https://urllib3.readthedocs.io/en/latest/advanced-usage.html#tls-warnings
  warnings.warn(
/home/comparendos/venv/lib/python3.12/site-packages/urllib3/connectionpool.py:1097: InsecureRequestWarning: Unverified HTTPS request is being made to host 'serviciosdigitales.movilidadavanzadabello.com.co'. Adding certificate verification is strongly advised. See: https://urllib3.readthedocs.io/en/latest/advanced-usage.html#tls-warnings
  warnings.warn(
/home/comparendos/venv/lib/python3.12/site-packages/urllib3/connectionpool.py:1097: InsecureRequestWarning: Unverified HTTPS request is being made to host 'serviciosdigitales.movilidadavanzadabello.com.co'. Adding certificate verification is strongly advised. See: https://urllib3.readthedocs.io/en/latest/advanced-usage.html#tls-warnings
  warnings.warn(
/home/comparendos/venv/lib/python3.12/site-packages/urllib3/connectionpool.py:1097: InsecureRequestWarning: Unverified HTTPS request is being made to host 'serviciosdigitales.movilidadavanzadabello.com.co'. Adding certificate verification is strongly advised. See: https://urllib3.readthedocs.io/en/latest/advanced-usage.html#tls-warnings
  warnings.warn(
/home/comparendos/venv/lib/python3.12/site-packages/urllib3/connectionpool.py:1097: InsecureRequestWarning: Unverified HTTPS request is being made to host 'serviciosdigitales.movilidadavanzadabello.com.co'. Adding certificate verification is strongly advised. See: https://urllib3.readthedocs.io/en/latest/advanced-usage.html#tls-warnings
  warnings.warn(
/home/comparendos/venv/lib/python3.12/site-packages/urllib3/connectionpool.py:1097: InsecureRequestWarning: Unverified HTTPS request is being made to host 'serviciosdigitales.movilidadavanzadabello.com.co'. Adding certificate verification is strongly advised. See: https://urllib3.readthedocs.io/en/latest/advanced-usage.html#tls-warnings
  warnings.warn(
/home/comparendos/venv/lib/python3.12/site-packages/urllib3/connectionpool.py:1097: InsecureRequestWarning: Unverified HTTPS request is being made to host 'serviciosdigitales.movilidadavanzadabello.com.co'. Adding certificate verification is strongly advised. See: https://urllib3.readthedocs.io/en/latest/advanced-usage.html#tls-warnings
  warnings.warn(
/home/comparendos/venv/lib/python3.12/site-packages/urllib3/connectionpool.py:1097: InsecureRequestWarning: Unverified HTTPS request is being made to host 'serviciosdigitales.movilidadavanzadabello.com.co'. Adding certificate verification is strongly advised. See: https://urllib3.readthedocs.io/en/latest/advanced-usage.html#tls-warnings
  warnings.warn(
/home/comparendos/venv/lib/python3.12/site-packages/urllib3/connectionpool.py:1097: InsecureRequestWarning: Unverified HTTPS request is being made to host 'serviciosdigitales.movilidadavanzadabello.com.co'. Adding certificate verification is strongly advised. See: https://urllib3.readthedocs.io/en/latest/advanced-usage.html#tls-warnings
  warnings.warn(
/home/comparendos/venv/lib/python3.12/site-packages/urllib3/connectionpool.py:1097: InsecureRequestWarning: Unverified HTTPS request is being made to host 'serviciosdigitales.movilidadavanzadabello.com.co'. Adding certificate verification is strongly advised. See: https://urllib3.readthedocs.io/en/latest/advanced-usage.html#tls-warnings
  warnings.warn(
/home/comparendos/venv/lib/python3.12/site-packages/urllib3/connectionpool.py:1097: InsecureRequestWarning: Unverified HTTPS request is being made to host 'serviciosdigitales.movilidadavanzadabello.com.co'. Adding certificate verification is strongly advised. See: https://urllib3.readthedocs.io/en/latest/advanced-usage.html#tls-warnings
  warnings.warn(
/home/comparendos/venv/lib/python3.12/site-packages/urllib3/connectionpool.py:1097: InsecureRequestWarning: Unverified HTTPS request is being made to host 'serviciosdigitales.movilidadavanzadabello.com.co'. Adding certificate verification is strongly advised. See: https://urllib3.readthedocs.io/en/latest/advanced-usage.html#tls-warnings
  warnings.warn(
/home/comparendos/venv/lib/python3.12/site-packages/urllib3/connectionpool.py:1097: InsecureRequestWarning: Unverified HTTPS request is being made to host 'serviciosdigitales.movilidadavanzadabello.com.co'. Adding certificate verification is strongly advised. See: https://urllib3.readthedocs.io/en/latest/advanced-usage.html#tls-warnings
  warnings.warn(
/home/comparendos/venv/lib/python3.12/site-packages/urllib3/connectionpool.py:1097: InsecureRequestWarning: Unverified HTTPS request is being made to host 'serviciosdigitales.movilidadavanzadabello.com.co'. Adding certificate verification is strongly advised. See: https://urllib3.readthedocs.io/en/latest/advanced-usage.html#tls-warnings
  warnings.warn(
/home/comparendos/venv/lib/python3.12/site-packages/urllib3/connectionpool.py:1097: InsecureRequestWarning: Unverified HTTPS request is being made to host 'serviciosdigitales.movilidadavanzadabello.com.co'. Adding certificate verification is strongly advised. See: https://urllib3.readthedocs.io/en/latest/advanced-usage.html#tls-warnings
  warnings.warn(
/home/comparendos/venv/lib/python3.12/site-packages/urllib3/connectionpool.py:1097: InsecureRequestWarning: Unverified HTTPS request is being made to host 'serviciosdigitales.movilidadavanzadabello.com.co'. Adding certificate verification is strongly advised. See: https://urllib3.readthedocs.io/en/latest/advanced-usage.html#tls-warnings
  warnings.warn(
/home/comparendos/venv/lib/python3.12/site-packages/urllib3/connectionpool.py:1097: InsecureRequestWarning: Unverified HTTPS request is being made to host 'serviciosdigitales.movilidadavanzadabello.com.co'. Adding certificate verification is strongly advised. See: https://urllib3.readthedocs.io/en/latest/advanced-usage.html#tls-warnings
  warnings.warn(

Error en consulta_info_home_public para MEDELLIN: HTTPSConnectionPool(host='www.medellin.gov.co', port=443): Read timed out. (read timeout=30)
Error en MEDELLIN: 'NoneType' object has no attribute 'json'
Error en consulta_info_home_public para MEDELLIN: HTTPSConnectionPool(host='www.medellin.gov.co', port=443): Read timed out. (read timeout=30)
Error en MEDELLIN: 'NoneType' object has no attribute 'json'
Error en consulta_info_home_public para MEDELLIN: HTTPSConnectionPool(host='www.medellin.gov.co', port=443): Read timed out. (read timeout=30)
Error en MEDELLIN: 'NoneType' object has no attribute 'json'
Error en consulta_info_home_public para MEDELLIN: HTTPSConnectionPool(host='www.medellin.gov.co', port=443): Read timed out. (read timeout=30)
Error en MEDELLIN: 'NoneType' object has no attribute 'json'
Error en consulta_info_home_public para MEDELLIN: HTTPSConnectionPool(host='www.medellin.gov.co', port=443): Read timed out. (read timeout=30)
Error en MEDELLIN: 'NoneType' object has no attribute 'json'
Error en consulta_info_home_public para MEDELLIN: HTTPSConnectionPool(host='www.medellin.gov.co', port=443): Read timed out. (read timeout=30)
Error en MEDELLIN: 'NoneType' object has no attribute 'json'
Error en consulta_info_home_public para MEDELLIN: HTTPSConnectionPool(host='www.medellin.gov.co', port=443): Read timed out. (read timeout=30)
Error en MEDELLIN: 'NoneType' object has no attribute 'json'
Error en consulta_info_home_public para MEDELLIN: HTTPSConnectionPool(host='www.medellin.gov.co', port=443): Read timed out. (read timeout=30)
Error en MEDELLIN: 'NoneType' object has no attribute 'json'
Error en consulta_info_home_public para MEDELLIN: HTTPSConnectionPool(host='www.medellin.gov.co', port=443): Read timed out. (read timeout=30)
Error en MEDELLIN: 'NoneType' object has no attribute 'json'
Error en consulta_info_home_public para MEDELLIN: HTTPSConnectionPool(host='www.medellin.gov.co', port=443): Read timed out. (read timeout=30)
Error en MEDELLIN: 'NoneType' object has no attribute 'json'
Error en consulta_info_home_public para MEDELLIN: HTTPSConnectionPool(host='www.medellin.gov.co', port=443): Read timed out. (read timeout=30)
Error en MEDELLIN: 'NoneType' object has no attribute 'json'
Error en consulta_info_home_public para MEDELLIN: HTTPSConnectionPool(host='www.medellin.gov.co', port=443): Read timed out. (read timeout=30)
Error en MEDELLIN: 'NoneType' object has no attribute 'json'
Error en consulta_info_home_public para MEDELLIN: HTTPSConnectionPool(host='www.medellin.gov.co', port=443): Read timed out. (read timeout=30)
Error en MEDELLIN: 'NoneType' object has no attribute 'json'
Error en consulta_info_home_public para MEDELLIN: HTTPSConnectionPool(host='www.medellin.gov.co', port=443): Read timed out. (read timeout=30)
Error en MEDELLIN: 'NoneType' object has no attribute 'json'
Error en consulta_info_home_public para MEDELLIN: HTTPSConnectionPool(host='www.medellin.gov.co', port=443): Read timed out. (read timeout=30)
Error en MEDELLIN: 'NoneType' object has no attribute 'json'
Error en consulta_info_home_public para MEDELLIN: HTTPSConnectionPool(host='www.medellin.gov.co', port=443): Read timed out. (read timeout=30)
Error en MEDELLIN: 'NoneType' object has no attribute 'json'
Error en consulta_info_home_public para MEDELLIN: HTTPSConnectionPool(host='www.medellin.gov.co', port=443): Read timed out. (read timeout=30)
Error en MEDELLIN: 'NoneType' object has no attribute 'json'
Error en consulta_info_home_public para MEDELLIN: HTTPSConnectionPool(host='www.medellin.gov.co', port=443): Read timed out. (read timeout=30)
Error en MEDELLIN: 'NoneType' object has no attribute 'json'
Error en consulta_info_home_public para MEDELLIN: HTTPSConnectionPool(host='www.medellin.gov.co', port=443): Read timed out. (read timeout=30)
Error en MEDELLIN: 'NoneType' object has no attribute 'json'
Error en consulta_info_home_public para MEDELLIN: HTTPSConnectionPool(host='www.medellin.gov.co', port=443): Read timed out. (read timeout=30)
Error en MEDELLIN: 'NoneType' object has no attribute 'json'
Fin del proceso mensual: [2026-06-29 10:39:46]
