/home/comparendos/venv/lib/python3.12/site-packages/urllib3/connectionpool.py:1097: InsecureRequestWarning: Unverified HTTPS request is being made to host 'serviciosdigitales.movilidadavanzadabello.com.co'. Adding certificate verification is strongly advised. See: https://urllib3.readthedocs.io/en/latest/advanced-usage.html#tls-warnings
  warnings.warn(
/home/comparendos/venv/lib/python3.12/site-packages/urllib3/connectionpool.py:1097: InsecureRequestWarning: Unverified HTTPS request is being made to host 'serviciosdigitales.movilidadavanzadabello.com.co'. Adding certificate verification is strongly advised. See: https://urllib3.readthedocs.io/en/latest/advanced-usage.html#tls-warnings
  warnings.warn(
/home/comparendos/venv/lib/python3.12/site-packages/urllib3/connectionpool.py:1097: InsecureRequestWarning: Unverified HTTPS request is being made to host 'serviciosdigitales.movilidadavanzadabello.com.co'. Adding certificate verification is strongly advised. See: https://urllib3.readthedocs.io/en/latest/advanced-usage.html#tls-warnings
  warnings.warn(
/home/comparendos/venv/lib/python3.12/site-packages/urllib3/connectionpool.py:1097: InsecureRequestWarning: Unverified HTTPS request is being made to host 'serviciosdigitales.movilidadavanzadabello.com.co'. Adding certificate verification is strongly advised. See: https://urllib3.readthedocs.io/en/latest/advanced-usage.html#tls-warnings
  warnings.warn(
/home/comparendos/venv/lib/python3.12/site-packages/urllib3/connectionpool.py:1097: InsecureRequestWarning: Unverified HTTPS request is being made to host 'serviciosdigitales.movilidadavanzadabello.com.co'. Adding certificate verification is strongly advised. See: https://urllib3.readthedocs.io/en/latest/advanced-usage.html#tls-warnings
  warnings.warn(
/home/comparendos/venv/lib/python3.12/site-packages/urllib3/connectionpool.py:1097: InsecureRequestWarning: Unverified HTTPS request is being made to host 'serviciosdigitales.movilidadavanzadabello.com.co'. Adding certificate verification is strongly advised. See: https://urllib3.readthedocs.io/en/latest/advanced-usage.html#tls-warnings
  warnings.warn(
/home/comparendos/venv/lib/python3.12/site-packages/urllib3/connectionpool.py:1097: InsecureRequestWarning: Unverified HTTPS request is being made to host 'serviciosdigitales.movilidadavanzadabello.com.co'. Adding certificate verification is strongly advised. See: https://urllib3.readthedocs.io/en/latest/advanced-usage.html#tls-warnings
  warnings.warn(
/home/comparendos/venv/lib/python3.12/site-packages/urllib3/connectionpool.py:1097: InsecureRequestWarning: Unverified HTTPS request is being made to host 'serviciosdigitales.movilidadavanzadabello.com.co'. Adding certificate verification is strongly advised. See: https://urllib3.readthedocs.io/en/latest/advanced-usage.html#tls-warnings
  warnings.warn(
/home/comparendos/venv/lib/python3.12/site-packages/urllib3/connectionpool.py:1097: InsecureRequestWarning: Unverified HTTPS request is being made to host 'serviciosdigitales.movilidadavanzadabello.com.co'. Adding certificate verification is strongly advised. See: https://urllib3.readthedocs.io/en/latest/advanced-usage.html#tls-warnings
  warnings.warn(
/home/comparendos/venv/lib/python3.12/site-packages/urllib3/connectionpool.py:1097: InsecureRequestWarning: Unverified HTTPS request is being made to host 'serviciosdigitales.movilidadavanzadabello.com.co'. Adding certificate verification is strongly advised. See: https://urllib3.readthedocs.io/en/latest/advanced-usage.html#tls-warnings
  warnings.warn(
/home/comparendos/venv/lib/python3.12/site-packages/urllib3/connectionpool.py:1097: InsecureRequestWarning: Unverified HTTPS request is being made to host 'serviciosdigitales.movilidadavanzadabello.com.co'. Adding certificate verification is strongly advised. See: https://urllib3.readthedocs.io/en/latest/advanced-usage.html#tls-warnings
  warnings.warn(
/home/comparendos/venv/lib/python3.12/site-packages/urllib3/connectionpool.py:1097: InsecureRequestWarning: Unverified HTTPS request is being made to host 'serviciosdigitales.movilidadavanzadabello.com.co'. Adding certificate verification is strongly advised. See: https://urllib3.readthedocs.io/en/latest/advanced-usage.html#tls-warnings
  warnings.warn(
/home/comparendos/venv/lib/python3.12/site-packages/urllib3/connectionpool.py:1097: InsecureRequestWarning: Unverified HTTPS request is being made to host 'serviciosdigitales.movilidadavanzadabello.com.co'. Adding certificate verification is strongly advised. See: https://urllib3.readthedocs.io/en/latest/advanced-usage.html#tls-warnings
  warnings.warn(
/home/comparendos/venv/lib/python3.12/site-packages/urllib3/connectionpool.py:1097: InsecureRequestWarning: Unverified HTTPS request is being made to host 'serviciosdigitales.movilidadavanzadabello.com.co'. Adding certificate verification is strongly advised. See: https://urllib3.readthedocs.io/en/latest/advanced-usage.html#tls-warnings
  warnings.warn(
/home/comparendos/venv/lib/python3.12/site-packages/urllib3/connectionpool.py:1097: InsecureRequestWarning: Unverified HTTPS request is being made to host 'serviciosdigitales.movilidadavanzadabello.com.co'. Adding certificate verification is strongly advised. See: https://urllib3.readthedocs.io/en/latest/advanced-usage.html#tls-warnings
  warnings.warn(
/home/comparendos/venv/lib/python3.12/site-packages/urllib3/connectionpool.py:1097: InsecureRequestWarning: Unverified HTTPS request is being made to host 'serviciosdigitales.movilidadavanzadabello.com.co'. Adding certificate verification is strongly advised. See: https://urllib3.readthedocs.io/en/latest/advanced-usage.html#tls-warnings
  warnings.warn(
/home/comparendos/venv/lib/python3.12/site-packages/urllib3/connectionpool.py:1097: InsecureRequestWarning: Unverified HTTPS request is being made to host 'serviciosdigitales.movilidadavanzadabello.com.co'. Adding certificate verification is strongly advised. See: https://urllib3.readthedocs.io/en/latest/advanced-usage.html#tls-warnings
  warnings.warn(
/home/comparendos/venv/lib/python3.12/site-packages/urllib3/connectionpool.py:1097: InsecureRequestWarning: Unverified HTTPS request is being made to host 'serviciosdigitales.movilidadavanzadabello.com.co'. Adding certificate verification is strongly advised. See: https://urllib3.readthedocs.io/en/latest/advanced-usage.html#tls-warnings
  warnings.warn(
/home/comparendos/venv/lib/python3.12/site-packages/urllib3/connectionpool.py:1097: InsecureRequestWarning: Unverified HTTPS request is being made to host 'serviciosdigitales.movilidadavanzadabello.com.co'. Adding certificate verification is strongly advised. See: https://urllib3.readthedocs.io/en/latest/advanced-usage.html#tls-warnings
  warnings.warn(
/home/comparendos/venv/lib/python3.12/site-packages/urllib3/connectionpool.py:1097: InsecureRequestWarning: Unverified HTTPS request is being made to host 'serviciosdigitales.movilidadavanzadabello.com.co'. Adding certificate verification is strongly advised. See: https://urllib3.readthedocs.io/en/latest/advanced-usage.html#tls-warnings
  warnings.warn(
/home/comparendos/venv/lib/python3.12/site-packages/urllib3/connectionpool.py:1097: InsecureRequestWarning: Unverified HTTPS request is being made to host 'serviciosdigitales.movilidadavanzadabello.com.co'. Adding certificate verification is strongly advised. See: https://urllib3.readthedocs.io/en/latest/advanced-usage.html#tls-warnings
  warnings.warn(
/home/comparendos/venv/lib/python3.12/site-packages/urllib3/connectionpool.py:1097: InsecureRequestWarning: Unverified HTTPS request is being made to host 'serviciosdigitales.movilidadavanzadabello.com.co'. Adding certificate verification is strongly advised. See: https://urllib3.readthedocs.io/en/latest/advanced-usage.html#tls-warnings
  warnings.warn(
/home/comparendos/venv/lib/python3.12/site-packages/urllib3/connectionpool.py:1097: InsecureRequestWarning: Unverified HTTPS request is being made to host 'serviciosdigitales.movilidadavanzadabello.com.co'. Adding certificate verification is strongly advised. See: https://urllib3.readthedocs.io/en/latest/advanced-usage.html#tls-warnings
  warnings.warn(
/home/comparendos/venv/lib/python3.12/site-packages/urllib3/connectionpool.py:1097: InsecureRequestWarning: Unverified HTTPS request is being made to host 'serviciosdigitales.movilidadavanzadabello.com.co'. Adding certificate verification is strongly advised. See: https://urllib3.readthedocs.io/en/latest/advanced-usage.html#tls-warnings
  warnings.warn(
/home/comparendos/venv/lib/python3.12/site-packages/urllib3/connectionpool.py:1097: InsecureRequestWarning: Unverified HTTPS request is being made to host 'serviciosdigitales.movilidadavanzadabello.com.co'. Adding certificate verification is strongly advised. See: https://urllib3.readthedocs.io/en/latest/advanced-usage.html#tls-warnings
  warnings.warn(
/home/comparendos/venv/lib/python3.12/site-packages/urllib3/connectionpool.py:1097: InsecureRequestWarning: Unverified HTTPS request is being made to host 'serviciosdigitales.movilidadavanzadabello.com.co'. Adding certificate verification is strongly advised. See: https://urllib3.readthedocs.io/en/latest/advanced-usage.html#tls-warnings
  warnings.warn(
/home/comparendos/venv/lib/python3.12/site-packages/urllib3/connectionpool.py:1097: InsecureRequestWarning: Unverified HTTPS request is being made to host 'serviciosdigitales.movilidadavanzadabello.com.co'. Adding certificate verification is strongly advised. See: https://urllib3.readthedocs.io/en/latest/advanced-usage.html#tls-warnings
  warnings.warn(
/home/comparendos/venv/lib/python3.12/site-packages/urllib3/connectionpool.py:1097: InsecureRequestWarning: Unverified HTTPS request is being made to host 'serviciosdigitales.movilidadavanzadabello.com.co'. Adding certificate verification is strongly advised. See: https://urllib3.readthedocs.io/en/latest/advanced-usage.html#tls-warnings
  warnings.warn(
/home/comparendos/venv/lib/python3.12/site-packages/urllib3/connectionpool.py:1097: InsecureRequestWarning: Unverified HTTPS request is being made to host 'serviciosdigitales.movilidadavanzadabello.com.co'. Adding certificate verification is strongly advised. See: https://urllib3.readthedocs.io/en/latest/advanced-usage.html#tls-warnings
  warnings.warn(
/home/comparendos/venv/lib/python3.12/site-packages/urllib3/connectionpool.py:1097: InsecureRequestWarning: Unverified HTTPS request is being made to host 'serviciosdigitales.movilidadavanzadabello.com.co'. Adding certificate verification is strongly advised. See: https://urllib3.readthedocs.io/en/latest/advanced-usage.html#tls-warnings
  warnings.warn(
/home/comparendos/venv/lib/python3.12/site-packages/urllib3/connectionpool.py:1097: InsecureRequestWarning: Unverified HTTPS request is being made to host 'serviciosdigitales.movilidadavanzadabello.com.co'. Adding certificate verification is strongly advised. See: https://urllib3.readthedocs.io/en/latest/advanced-usage.html#tls-warnings
  warnings.warn(
/home/comparendos/venv/lib/python3.12/site-packages/urllib3/connectionpool.py:1097: InsecureRequestWarning: Unverified HTTPS request is being made to host 'serviciosdigitales.movilidadavanzadabello.com.co'. Adding certificate verification is strongly advised. See: https://urllib3.readthedocs.io/en/latest/advanced-usage.html#tls-warnings
  warnings.warn(
/home/comparendos/venv/lib/python3.12/site-packages/urllib3/connectionpool.py:1097: InsecureRequestWarning: Unverified HTTPS request is being made to host 'serviciosdigitales.movilidadavanzadabello.com.co'. Adding certificate verification is strongly advised. See: https://urllib3.readthedocs.io/en/latest/advanced-usage.html#tls-warnings
  warnings.warn(
/home/comparendos/venv/lib/python3.12/site-packages/urllib3/connectionpool.py:1097: InsecureRequestWarning: Unverified HTTPS request is being made to host 'serviciosdigitales.movilidadavanzadabello.com.co'. Adding certificate verification is strongly advised. See: https://urllib3.readthedocs.io/en/latest/advanced-usage.html#tls-warnings
  warnings.warn(
/home/comparendos/venv/lib/python3.12/site-packages/urllib3/connectionpool.py:1097: InsecureRequestWarning: Unverified HTTPS request is being made to host 'serviciosdigitales.movilidadavanzadabello.com.co'. Adding certificate verification is strongly advised. See: https://urllib3.readthedocs.io/en/latest/advanced-usage.html#tls-warnings
  warnings.warn(
/home/comparendos/venv/lib/python3.12/site-packages/urllib3/connectionpool.py:1097: InsecureRequestWarning: Unverified HTTPS request is being made to host 'serviciosdigitales.movilidadavanzadabello.com.co'. Adding certificate verification is strongly advised. See: https://urllib3.readthedocs.io/en/latest/advanced-usage.html#tls-warnings
  warnings.warn(
/home/comparendos/venv/lib/python3.12/site-packages/urllib3/connectionpool.py:1097: InsecureRequestWarning: Unverified HTTPS request is being made to host 'serviciosdigitales.movilidadavanzadabello.com.co'. Adding certificate verification is strongly advised. See: https://urllib3.readthedocs.io/en/latest/advanced-usage.html#tls-warnings
  warnings.warn(
/home/comparendos/venv/lib/python3.12/site-packages/urllib3/connectionpool.py:1097: InsecureRequestWarning: Unverified HTTPS request is being made to host 'serviciosdigitales.movilidadavanzadabello.com.co'. Adding certificate verification is strongly advised. See: https://urllib3.readthedocs.io/en/latest/advanced-usage.html#tls-warnings
  warnings.warn(
/home/comparendos/venv/lib/python3.12/site-packages/urllib3/connectionpool.py:1097: InsecureRequestWarning: Unverified HTTPS request is being made to host 'serviciosdigitales.movilidadavanzadabello.com.co'. Adding certificate verification is strongly advised. See: https://urllib3.readthedocs.io/en/latest/advanced-usage.html#tls-warnings
  warnings.warn(
Es lunes, procesando también clientes del fin de semana
Inicio del proceso diario: [2026-07-20 08:00:01]
Fechas a procesar: ['2026-07-18', '2026-07-19', '2026-07-20']
Fecha 2026-07-18: 74 registros
Fecha 2026-07-19: 14 registros
Fecha 2026-07-20: Sin registros
Total a procesar: 88 registros
Error en consulta_info_home_public para MEDELLIN: HTTPSConnectionPool(host='www.medellin.gov.co', port=443): Read timed out. (read timeout=30)
Error en MEDELLIN: 'NoneType' object has no attribute 'json'
Error en consulta_info_home_public para MEDELLIN: HTTPSConnectionPool(host='www.medellin.gov.co', port=443): Read timed out. (read timeout=30)
Error en MEDELLIN: 'NoneType' object has no attribute 'json'
Error en consulta_info_home_public para MEDELLIN: HTTPSConnectionPool(host='www.medellin.gov.co', port=443): Read timed out. (read timeout=30)
Error en MEDELLIN: 'NoneType' object has no attribute 'json'
Error en consulta_info_home_public para MEDELLIN: HTTPSConnectionPool(host='www.medellin.gov.co', port=443): Read timed out. (read timeout=30)
Error en MEDELLIN: 'NoneType' object has no attribute 'json'
Error en consulta_info_home_public para MEDELLIN: HTTPSConnectionPool(host='www.medellin.gov.co', port=443): Read timed out. (read timeout=30)
Error en MEDELLIN: 'NoneType' object has no attribute 'json'
Error en consulta_info_home_public para MEDELLIN: HTTPSConnectionPool(host='www.medellin.gov.co', port=443): Read timed out. (read timeout=30)
Error en MEDELLIN: 'NoneType' object has no attribute 'json'
Error en consulta_info_home_public para MEDELLIN: HTTPSConnectionPool(host='www.medellin.gov.co', port=443): Read timed out. (read timeout=30)
Error en MEDELLIN: 'NoneType' object has no attribute 'json'
Error en consulta_info_home_public para MEDELLIN: HTTPSConnectionPool(host='www.medellin.gov.co', port=443): Read timed out. (read timeout=30)
Error en MEDELLIN: 'NoneType' object has no attribute 'json'
Error en consulta_info_home_public para MEDELLIN: HTTPSConnectionPool(host='www.medellin.gov.co', port=443): Read timed out. (read timeout=30)
Error en MEDELLIN: 'NoneType' object has no attribute 'json'
Error en consulta_info_home_public para MEDELLIN: HTTPSConnectionPool(host='www.medellin.gov.co', port=443): Read timed out. (read timeout=30)
Error en MEDELLIN: 'NoneType' object has no attribute 'json'
Error en consulta_info_home_public para MEDELLIN: HTTPSConnectionPool(host='www.medellin.gov.co', port=443): Read timed out. (read timeout=30)
Error en MEDELLIN: 'NoneType' object has no attribute 'json'
Error en consulta_info_home_public para MEDELLIN: HTTPSConnectionPool(host='www.medellin.gov.co', port=443): Read timed out. (read timeout=30)
Error en MEDELLIN: 'NoneType' object has no attribute 'json'
Error en consulta_info_home_public para ITAGUI: HTTPSConnectionPool(host='movilidad.transitoitagui.gov.co', port=443): Read timed out. (read timeout=30)
Error en ITAGUI: 'NoneType' object has no attribute 'json'
Error en consulta_info_home_public para MEDELLIN: HTTPSConnectionPool(host='www.medellin.gov.co', port=443): Read timed out. (read timeout=30)
Error en MEDELLIN: 'NoneType' object has no attribute 'json'
Error en consulta_info_home_public para MEDELLIN: HTTPSConnectionPool(host='www.medellin.gov.co', port=443): Read timed out. (read timeout=30)
Error en MEDELLIN: 'NoneType' object has no attribute 'json'
Error en consulta_info_home_public para MEDELLIN: HTTPSConnectionPool(host='www.medellin.gov.co', port=443): Read timed out. (read timeout=30)
Error en MEDELLIN: 'NoneType' object has no attribute 'json'
Error en consulta_info_home_public para MEDELLIN: HTTPSConnectionPool(host='www.medellin.gov.co', port=443): Read timed out. (read timeout=30)
Error en MEDELLIN: 'NoneType' object has no attribute 'json'
Error en consulta_info_home_public para MEDELLIN: HTTPSConnectionPool(host='www.medellin.gov.co', port=443): Read timed out. (read timeout=30)
Error en MEDELLIN: 'NoneType' object has no attribute 'json'
Error en consulta_info_home_public para MEDELLIN: HTTPSConnectionPool(host='www.medellin.gov.co', port=443): Read timed out. (read timeout=30)
Error en MEDELLIN: 'NoneType' object has no attribute 'json'
Error en consulta_info_home_public para MEDELLIN: HTTPSConnectionPool(host='www.medellin.gov.co', port=443): Read timed out. (read timeout=30)
Error en MEDELLIN: 'NoneType' object has no attribute 'json'
Error en consulta_info_home_public para MEDELLIN: HTTPSConnectionPool(host='www.medellin.gov.co', port=443): Read timed out. (read timeout=30)
Error en MEDELLIN: 'NoneType' object has no attribute 'json'
Error en consulta_info_home_public para MEDELLIN: HTTPSConnectionPool(host='www.medellin.gov.co', port=443): Read timed out. (read timeout=30)
Error en MEDELLIN: 'NoneType' object has no attribute 'json'
Error en consulta_info_home_public para MEDELLIN: HTTPSConnectionPool(host='www.medellin.gov.co', port=443): Read timed out. (read timeout=30)
Error en MEDELLIN: 'NoneType' object has no attribute 'json'
Error en consulta_info_home_public para MEDELLIN: HTTPSConnectionPool(host='www.medellin.gov.co', port=443): Read timed out. (read timeout=30)
Error en MEDELLIN: 'NoneType' object has no attribute 'json'
Error en consulta_info_home_public para MEDELLIN: HTTPSConnectionPool(host='www.medellin.gov.co', port=443): Read timed out. (read timeout=30)
Error en MEDELLIN: 'NoneType' object has no attribute 'json'
Error en consulta_info_home_public para MEDELLIN: HTTPSConnectionPool(host='www.medellin.gov.co', port=443): Read timed out. (read timeout=30)
Error en MEDELLIN: 'NoneType' object has no attribute 'json'
Error en consulta_info_home_public para MEDELLIN: HTTPSConnectionPool(host='www.medellin.gov.co', port=443): Read timed out. (read timeout=30)
Error en MEDELLIN: 'NoneType' object has no attribute 'json'
Error en consulta_info_home_public para MEDELLIN: HTTPSConnectionPool(host='www.medellin.gov.co', port=443): Read timed out. (read timeout=30)
Error en MEDELLIN: 'NoneType' object has no attribute 'json'
Error en consulta_info_home_public para MEDELLIN: HTTPSConnectionPool(host='www.medellin.gov.co', port=443): Read timed out. (read timeout=30)
Error en MEDELLIN: 'NoneType' object has no attribute 'json'
Error en consulta_info_home_public para MEDELLIN: HTTPSConnectionPool(host='www.medellin.gov.co', port=443): Read timed out. (read timeout=30)
Error en MEDELLIN: 'NoneType' object has no attribute 'json'
Error en consulta_info_home_public para MEDELLIN: HTTPSConnectionPool(host='www.medellin.gov.co', port=443): Read timed out. (read timeout=30)
Error en MEDELLIN: 'NoneType' object has no attribute 'json'
Error en consulta_info_home_public para MEDELLIN: HTTPSConnectionPool(host='www.medellin.gov.co', port=443): Read timed out. (read timeout=30)
Error en MEDELLIN: 'NoneType' object has no attribute 'json'
Error en consulta_info_home_public para MEDELLIN: HTTPSConnectionPool(host='www.medellin.gov.co', port=443): Read timed out. (read timeout=30)
Error en MEDELLIN: 'NoneType' object has no attribute 'json'
Error en consulta_info_home_public para MEDELLIN: HTTPSConnectionPool(host='www.medellin.gov.co', port=443): Read timed out. (read timeout=30)
Error en MEDELLIN: 'NoneType' object has no attribute 'json'
Error en consulta_info_home_public para MEDELLIN: HTTPSConnectionPool(host='www.medellin.gov.co', port=443): Read timed out. (read timeout=30)
Error en MEDELLIN: 'NoneType' object has no attribute 'json'
Error en consulta_info_home_public para MEDELLIN: HTTPSConnectionPool(host='www.medellin.gov.co', port=443): Read timed out. (read timeout=30)
Error en MEDELLIN: 'NoneType' object has no attribute 'json'
Error en consulta_info_home_public para MEDELLIN: HTTPSConnectionPool(host='www.medellin.gov.co', port=443): Read timed out. (read timeout=30)
Error en MEDELLIN: 'NoneType' object has no attribute 'json'
Error en consulta_info_home_public para MEDELLIN: HTTPSConnectionPool(host='www.medellin.gov.co', port=443): Read timed out. (read timeout=30)
Error en MEDELLIN: 'NoneType' object has no attribute 'json'
Error en consulta_info_home_public para MEDELLIN: HTTPSConnectionPool(host='www.medellin.gov.co', port=443): Read timed out. (read timeout=30)/home/comparendos/venv/lib/python3.12/site-packages/urllib3/connectionpool.py:1097: InsecureRequestWarning: Unverified HTTPS request is being made to host 'serviciosdigitales.movilidadavanzadabello.com.co'. Adding certificate verification is strongly advised. See: https://urllib3.readthedocs.io/en/latest/advanced-usage.html#tls-warnings
  warnings.warn(
/home/comparendos/venv/lib/python3.12/site-packages/urllib3/connectionpool.py:1097: InsecureRequestWarning: Unverified HTTPS request is being made to host 'serviciosdigitales.movilidadavanzadabello.com.co'. Adding certificate verification is strongly advised. See: https://urllib3.readthedocs.io/en/latest/advanced-usage.html#tls-warnings
  warnings.warn(
