/home/comparendos/venv/lib/python3.12/site-packages/urllib3/connectionpool.py:1097: InsecureRequestWarning: Unverified HTTPS request is being made to host 'serviciosdigitales.movilidadavanzadabello.com.co'. Adding certificate verification is strongly advised. See: https://urllib3.readthedocs.io/en/latest/advanced-usage.html#tls-warnings
  warnings.warn(
/home/comparendos/venv/lib/python3.12/site-packages/urllib3/connectionpool.py:1097: InsecureRequestWarning: Unverified HTTPS request is being made to host 'serviciosdigitales.movilidadavanzadabello.com.co'. Adding certificate verification is strongly advised. See: https://urllib3.readthedocs.io/en/latest/advanced-usage.html#tls-warnings
  warnings.warn(
/home/comparendos/venv/lib/python3.12/site-packages/urllib3/connectionpool.py:1097: InsecureRequestWarning: Unverified HTTPS request is being made to host 'serviciosdigitales.movilidadavanzadabello.com.co'. Adding certificate verification is strongly advised. See: https://urllib3.readthedocs.io/en/latest/advanced-usage.html#tls-warnings
  warnings.warn(
/home/comparendos/venv/lib/python3.12/site-packages/urllib3/connectionpool.py:1097: InsecureRequestWarning: Unverified HTTPS request is being made to host 'serviciosdigitales.movilidadavanzadabello.com.co'. Adding certificate verification is strongly advised. See: https://urllib3.readthedocs.io/en/latest/advanced-usage.html#tls-warnings
  warnings.warn(
/home/comparendos/venv/lib/python3.12/site-packages/urllib3/connectionpool.py:1097: InsecureRequestWarning: Unverified HTTPS request is being made to host 'serviciosdigitales.movilidadavanzadabello.com.co'. Adding certificate verification is strongly advised. See: https://urllib3.readthedocs.io/en/latest/advanced-usage.html#tls-warnings
  warnings.warn(
/home/comparendos/venv/lib/python3.12/site-packages/urllib3/connectionpool.py:1097: InsecureRequestWarning: Unverified HTTPS request is being made to host 'serviciosdigitales.movilidadavanzadabello.com.co'. Adding certificate verification is strongly advised. See: https://urllib3.readthedocs.io/en/latest/advanced-usage.html#tls-warnings
  warnings.warn(
/home/comparendos/venv/lib/python3.12/site-packages/urllib3/connectionpool.py:1097: InsecureRequestWarning: Unverified HTTPS request is being made to host 'serviciosdigitales.movilidadavanzadabello.com.co'. Adding certificate verification is strongly advised. See: https://urllib3.readthedocs.io/en/latest/advanced-usage.html#tls-warnings
  warnings.warn(
/home/comparendos/venv/lib/python3.12/site-packages/urllib3/connectionpool.py:1097: InsecureRequestWarning: Unverified HTTPS request is being made to host 'serviciosdigitales.movilidadavanzadabello.com.co'. Adding certificate verification is strongly advised. See: https://urllib3.readthedocs.io/en/latest/advanced-usage.html#tls-warnings
  warnings.warn(
/home/comparendos/venv/lib/python3.12/site-packages/urllib3/connectionpool.py:1097: InsecureRequestWarning: Unverified HTTPS request is being made to host 'serviciosdigitales.movilidadavanzadabello.com.co'. Adding certificate verification is strongly advised. See: https://urllib3.readthedocs.io/en/latest/advanced-usage.html#tls-warnings
  warnings.warn(
/home/comparendos/venv/lib/python3.12/site-packages/urllib3/connectionpool.py:1097: InsecureRequestWarning: Unverified HTTPS request is being made to host 'serviciosdigitales.movilidadavanzadabello.com.co'. Adding certificate verification is strongly advised. See: https://urllib3.readthedocs.io/en/latest/advanced-usage.html#tls-warnings
  warnings.warn(
/home/comparendos/venv/lib/python3.12/site-packages/urllib3/connectionpool.py:1097: InsecureRequestWarning: Unverified HTTPS request is being made to host 'serviciosdigitales.movilidadavanzadabello.com.co'. Adding certificate verification is strongly advised. See: https://urllib3.readthedocs.io/en/latest/advanced-usage.html#tls-warnings
  warnings.warn(
/home/comparendos/venv/lib/python3.12/site-packages/urllib3/connectionpool.py:1097: InsecureRequestWarning: Unverified HTTPS request is being made to host 'serviciosdigitales.movilidadavanzadabello.com.co'. Adding certificate verification is strongly advised. See: https://urllib3.readthedocs.io/en/latest/advanced-usage.html#tls-warnings
  warnings.warn(
/home/comparendos/venv/lib/python3.12/site-packages/urllib3/connectionpool.py:1097: InsecureRequestWarning: Unverified HTTPS request is being made to host 'serviciosdigitales.movilidadavanzadabello.com.co'. Adding certificate verification is strongly advised. See: https://urllib3.readthedocs.io/en/latest/advanced-usage.html#tls-warnings
  warnings.warn(
/home/comparendos/venv/lib/python3.12/site-packages/urllib3/connectionpool.py:1097: InsecureRequestWarning: Unverified HTTPS request is being made to host 'serviciosdigitales.movilidadavanzadabello.com.co'. Adding certificate verification is strongly advised. See: https://urllib3.readthedocs.io/en/latest/advanced-usage.html#tls-warnings
  warnings.warn(
/home/comparendos/venv/lib/python3.12/site-packages/urllib3/connectionpool.py:1097: InsecureRequestWarning: Unverified HTTPS request is being made to host 'serviciosdigitales.movilidadavanzadabello.com.co'. Adding certificate verification is strongly advised. See: https://urllib3.readthedocs.io/en/latest/advanced-usage.html#tls-warnings
  warnings.warn(
/home/comparendos/venv/lib/python3.12/site-packages/urllib3/connectionpool.py:1097: InsecureRequestWarning: Unverified HTTPS request is being made to host 'serviciosdigitales.movilidadavanzadabello.com.co'. Adding certificate verification is strongly advised. See: https://urllib3.readthedocs.io/en/latest/advanced-usage.html#tls-warnings
  warnings.warn(
/home/comparendos/venv/lib/python3.12/site-packages/urllib3/connectionpool.py:1097: InsecureRequestWarning: Unverified HTTPS request is being made to host 'serviciosdigitales.movilidadavanzadabello.com.co'. Adding certificate verification is strongly advised. See: https://urllib3.readthedocs.io/en/latest/advanced-usage.html#tls-warnings
  warnings.warn(
/home/comparendos/venv/lib/python3.12/site-packages/urllib3/connectionpool.py:1097: InsecureRequestWarning: Unverified HTTPS request is being made to host 'serviciosdigitales.movilidadavanzadabello.com.co'. Adding certificate verification is strongly advised. See: https://urllib3.readthedocs.io/en/latest/advanced-usage.html#tls-warnings
  warnings.warn(
/home/comparendos/venv/lib/python3.12/site-packages/urllib3/connectionpool.py:1097: InsecureRequestWarning: Unverified HTTPS request is being made to host 'serviciosdigitales.movilidadavanzadabello.com.co'. Adding certificate verification is strongly advised. See: https://urllib3.readthedocs.io/en/latest/advanced-usage.html#tls-warnings
  warnings.warn(
/home/comparendos/venv/lib/python3.12/site-packages/urllib3/connectionpool.py:1097: InsecureRequestWarning: Unverified HTTPS request is being made to host 'serviciosdigitales.movilidadavanzadabello.com.co'. Adding certificate verification is strongly advised. See: https://urllib3.readthedocs.io/en/latest/advanced-usage.html#tls-warnings
  warnings.warn(
/home/comparendos/venv/lib/python3.12/site-packages/urllib3/connectionpool.py:1097: InsecureRequestWarning: Unverified HTTPS request is being made to host 'serviciosdigitales.movilidadavanzadabello.com.co'. Adding certificate verification is strongly advised. See: https://urllib3.readthedocs.io/en/latest/advanced-usage.html#tls-warnings
  warnings.warn(
/home/comparendos/venv/lib/python3.12/site-packages/urllib3/connectionpool.py:1097: InsecureRequestWarning: Unverified HTTPS request is being made to host 'serviciosdigitales.movilidadavanzadabello.com.co'. Adding certificate verification is strongly advised. See: https://urllib3.readthedocs.io/en/latest/advanced-usage.html#tls-warnings
  warnings.warn(
/home/comparendos/venv/lib/python3.12/site-packages/urllib3/connectionpool.py:1097: InsecureRequestWarning: Unverified HTTPS request is being made to host 'serviciosdigitales.movilidadavanzadabello.com.co'. Adding certificate verification is strongly advised. See: https://urllib3.readthedocs.io/en/latest/advanced-usage.html#tls-warnings
  warnings.warn(
/home/comparendos/venv/lib/python3.12/site-packages/urllib3/connectionpool.py:1097: InsecureRequestWarning: Unverified HTTPS request is being made to host 'serviciosdigitales.movilidadavanzadabello.com.co'. Adding certificate verification is strongly advised. See: https://urllib3.readthedocs.io/en/latest/advanced-usage.html#tls-warnings
  warnings.warn(
/home/comparendos/venv/lib/python3.12/site-packages/urllib3/connectionpool.py:1097: InsecureRequestWarning: Unverified HTTPS request is being made to host 'serviciosdigitales.movilidadavanzadabello.com.co'. Adding certificate verification is strongly advised. See: https://urllib3.readthedocs.io/en/latest/advanced-usage.html#tls-warnings
  warnings.warn(
/home/comparendos/venv/lib/python3.12/site-packages/urllib3/connectionpool.py:1097: InsecureRequestWarning: Unverified HTTPS request is being made to host 'serviciosdigitales.movilidadavanzadabello.com.co'. Adding certificate verification is strongly advised. See: https://urllib3.readthedocs.io/en/latest/advanced-usage.html#tls-warnings
  warnings.warn(
/home/comparendos/venv/lib/python3.12/site-packages/urllib3/connectionpool.py:1097: InsecureRequestWarning: Unverified HTTPS request is being made to host 'serviciosdigitales.movilidadavanzadabello.com.co'. Adding certificate verification is strongly advised. See: https://urllib3.readthedocs.io/en/latest/advanced-usage.html#tls-warnings
  warnings.warn(
/home/comparendos/venv/lib/python3.12/site-packages/urllib3/connectionpool.py:1097: InsecureRequestWarning: Unverified HTTPS request is being made to host 'serviciosdigitales.movilidadavanzadabello.com.co'. Adding certificate verification is strongly advised. See: https://urllib3.readthedocs.io/en/latest/advanced-usage.html#tls-warnings
  warnings.warn(
/home/comparendos/venv/lib/python3.12/site-packages/urllib3/connectionpool.py:1097: InsecureRequestWarning: Unverified HTTPS request is being made to host 'serviciosdigitales.movilidadavanzadabello.com.co'. Adding certificate verification is strongly advised. See: https://urllib3.readthedocs.io/en/latest/advanced-usage.html#tls-warnings
  warnings.warn(
/home/comparendos/venv/lib/python3.12/site-packages/urllib3/connectionpool.py:1097: InsecureRequestWarning: Unverified HTTPS request is being made to host 'serviciosdigitales.movilidadavanzadabello.com.co'. Adding certificate verification is strongly advised. See: https://urllib3.readthedocs.io/en/latest/advanced-usage.html#tls-warnings
  warnings.warn(
/home/comparendos/venv/lib/python3.12/site-packages/urllib3/connectionpool.py:1097: InsecureRequestWarning: Unverified HTTPS request is being made to host 'serviciosdigitales.movilidadavanzadabello.com.co'. Adding certificate verification is strongly advised. See: https://urllib3.readthedocs.io/en/latest/advanced-usage.html#tls-warnings
  warnings.warn(
/home/comparendos/venv/lib/python3.12/site-packages/urllib3/connectionpool.py:1097: InsecureRequestWarning: Unverified HTTPS request is being made to host 'serviciosdigitales.movilidadavanzadabello.com.co'. Adding certificate verification is strongly advised. See: https://urllib3.readthedocs.io/en/latest/advanced-usage.html#tls-warnings
  warnings.warn(
/home/comparendos/venv/lib/python3.12/site-packages/urllib3/connectionpool.py:1097: InsecureRequestWarning: Unverified HTTPS request is being made to host 'serviciosdigitales.movilidadavanzadabello.com.co'. Adding certificate verification is strongly advised. See: https://urllib3.readthedocs.io/en/latest/advanced-usage.html#tls-warnings
  warnings.warn(
/home/comparendos/venv/lib/python3.12/site-packages/urllib3/connectionpool.py:1097: InsecureRequestWarning: Unverified HTTPS request is being made to host 'serviciosdigitales.movilidadavanzadabello.com.co'. Adding certificate verification is strongly advised. See: https://urllib3.readthedocs.io/en/latest/advanced-usage.html#tls-warnings
  warnings.warn(
/home/comparendos/venv/lib/python3.12/site-packages/urllib3/connectionpool.py:1097: InsecureRequestWarning: Unverified HTTPS request is being made to host 'serviciosdigitales.movilidadavanzadabello.com.co'. Adding certificate verification is strongly advised. See: https://urllib3.readthedocs.io/en/latest/advanced-usage.html#tls-warnings
  warnings.warn(
/home/comparendos/venv/lib/python3.12/site-packages/urllib3/connectionpool.py:1097: InsecureRequestWarning: Unverified HTTPS request is being made to host 'serviciosdigitales.movilidadavanzadabello.com.co'. Adding certificate verification is strongly advised. See: https://urllib3.readthedocs.io/en/latest/advanced-usage.html#tls-warnings
  warnings.warn(
/home/comparendos/venv/lib/python3.12/site-packages/urllib3/connectionpool.py:1097: InsecureRequestWarning: Unverified HTTPS request is being made to host 'serviciosdigitales.movilidadavanzadabello.com.co'. Adding certificate verification is strongly advised. See: https://urllib3.readthedocs.io/en/latest/advanced-usage.html#tls-warnings
  warnings.warn(
/home/comparendos/venv/lib/python3.12/site-packages/urllib3/connectionpool.py:1097: InsecureRequestWarning: Unverified HTTPS request is being made to host 'serviciosdigitales.movilidadavanzadabello.com.co'. Adding certificate verification is strongly advised. See: https://urllib3.readthedocs.io/en/latest/advanced-usage.html#tls-warnings
  warnings.warn(
/home/comparendos/venv/lib/python3.12/site-packages/urllib3/connectionpool.py:1097: InsecureRequestWarning: Unverified HTTPS request is being made to host 'serviciosdigitales.movilidadavanzadabello.com.co'. Adding certificate verification is strongly advised. See: https://urllib3.readthedocs.io/en/latest/advanced-usage.html#tls-warnings
  warnings.warn(
Es lunes, procesando también clientes del fin de semana
Inicio del proceso diario: [2026-07-13 08:00:01]
Fechas a procesar: ['2026-07-11', '2026-07-12', '2026-07-13']
Fecha 2026-07-11: 65 registros
Fecha 2026-07-12: 11 registros
Fecha 2026-07-13: Sin registros
Total a procesar: 76 registros
Error en consulta_info_home_public para MEDELLIN: HTTPSConnectionPool(host='www.medellin.gov.co', port=443): Read timed out. (read timeout=30)
Error en MEDELLIN: 'NoneType' object has no attribute 'json'
Error en consulta_info_home_public para MEDELLIN: HTTPSConnectionPool(host='www.medellin.gov.co', port=443): Read timed out. (read timeout=30)
Error en MEDELLIN: 'NoneType' object has no attribute 'json'
Error en consulta_info_home_public para MEDELLIN: HTTPSConnectionPool(host='www.medellin.gov.co', port=443): Read timed out. (read timeout=30)
Error en MEDELLIN: 'NoneType' object has no attribute 'json'
Error en consulta_info_home_public para MEDELLIN: HTTPSConnectionPool(host='www.medellin.gov.co', port=443): Read timed out. (read timeout=30)
Error en MEDELLIN: 'NoneType' object has no attribute 'json'
Error en consulta_info_home_public para MEDELLIN: HTTPSConnectionPool(host='www.medellin.gov.co', port=443): Read timed out. (read timeout=30)
Error en MEDELLIN: 'NoneType' object has no attribute 'json'
Error en consulta_info_home_public para MEDELLIN: HTTPSConnectionPool(host='www.medellin.gov.co', port=443): Read timed out. (read timeout=30)
Error en MEDELLIN: 'NoneType' object has no attribute 'json'
Error en consulta_info_home_public para MEDELLIN: HTTPSConnectionPool(host='www.medellin.gov.co', port=443): Read timed out. (read timeout=30)
Error en MEDELLIN: 'NoneType' object has no attribute 'json'
Error en consulta_info_home_public para MEDELLIN: HTTPSConnectionPool(host='www.medellin.gov.co', port=443): Read timed out. (read timeout=30)
Error en MEDELLIN: 'NoneType' object has no attribute 'json'
Error en consulta_info_home_public para MEDELLIN: HTTPSConnectionPool(host='www.medellin.gov.co', port=443): Read timed out. (read timeout=30)
Error en MEDELLIN: 'NoneType' object has no attribute 'json'
El comparendo ya fue notificado previamente Documento: 71312340 Comparendo: D05615000000055700562
Error en consulta_info_home_public para MEDELLIN: HTTPSConnectionPool(host='www.medellin.gov.co', port=443): Read timed out. (read timeout=30)
Error en MEDELLIN: 'NoneType' object has no attribute 'json'
Error en consulta_info_home_public para MEDELLIN: HTTPSConnectionPool(host='www.medellin.gov.co', port=443): Read timed out. (read timeout=30)
Error en MEDELLIN: 'NoneType' object has no attribute 'json'
Error en consulta_info_home_public para MEDELLIN: HTTPSConnectionPool(host='www.medellin.gov.co', port=443): Read timed out. (read timeout=30)
Error en MEDELLIN: 'NoneType' object has no attribute 'json'
Error en consulta_info_home_public para MEDELLIN: HTTPSConnectionPool(host='www.medellin.gov.co', port=443): Read timed out. (read timeout=30)
Error en MEDELLIN: 'NoneType' object has no attribute 'json'
Error en consulta_info_home_public para MEDELLIN: HTTPSConnectionPool(host='www.medellin.gov.co', port=443): Read timed out. (read timeout=30)
Error en MEDELLIN: 'NoneType' object has no attribute 'json'
El comparendo ya fue notificado previamente Documento: 3714718 Comparendo: D05088000000052940331
Error en consulta_info_home_public para MEDELLIN: HTTPSConnectionPool(host='www.medellin.gov.co', port=443): Read timed out. (read timeout=30)
Error en MEDELLIN: 'NoneType' object has no attribute 'json'
Error en consulta_info_home_public para MEDELLIN: HTTPSConnectionPool(host='www.medellin.gov.co', port=443): Read timed out. (read timeout=30)
Error en MEDELLIN: 'NoneType' object has no attribute 'json'
Error en consulta_info_home_public para MEDELLIN: HTTPSConnectionPool(host='www.medellin.gov.co', port=443): Read timed out. (read timeout=30)
Error en MEDELLIN: 'NoneType' object has no attribute 'json'
Error en consulta_info_home_public para MEDELLIN: HTTPSConnectionPool(host='www.medellin.gov.co', port=443): Read timed out. (read timeout=30)
Error en MEDELLIN: 'NoneType' object has no attribute 'json'
Error en consulta_info_home_public para MEDELLIN: HTTPSConnectionPool(host='www.medellin.gov.co', port=443): Read timed out. (read timeout=30)
Error en MEDELLIN: 'NoneType' object has no attribute 'json'
Error en consulta_info_home_public para MEDELLIN: HTTPSConnectionPool(host='www.medellin.gov.co', port=443): Read timed out. (read timeout=30)
Error en MEDELLIN: 'NoneType' object has no attribute 'json'
Error en consulta_info_home_public para MEDELLIN: HTTPSConnectionPool(host='www.medellin.gov.co', port=443): Read timed out. (read timeout=30)
Error en MEDELLIN: 'NoneType' object has no attribute 'json'
Error en consulta_info_home_public para MEDELLIN: HTTPSConnectionPool(host='www.medellin.gov.co', port=443): Read timed out. (read timeout=30)
Error en MEDELLIN: 'NoneType' object has no attribute 'json'
Error en consulta_info_home_public para MEDELLIN: HTTPSConnectionPool(host='www.medellin.gov.co', port=443): Read timed out. (read timeout=30)
Error en MEDELLIN: 'NoneType' object has no attribute 'json'
Error en consulta_info_home_public para MEDELLIN: HTTPSConnectionPool(host='www.medellin.gov.co', port=443): Read timed out. (read timeout=30)
Error en MEDELLIN: 'NoneType' object has no attribute 'json'
Error en consulta_info_home_public para MEDELLIN: HTTPSConnectionPool(host='www.medellin.gov.co', port=443): Read timed out. (read timeout=30)
Error en MEDELLIN: 'NoneType' object has no attribute 'json'
Error en consulta_info_home_public para MEDELLIN: HTTPSConnectionPool(host='www.medellin.gov.co', port=443): Read timed out. (read timeout=30)
Error en MEDELLIN: 'NoneType' object has no attribute 'json'
Error en consulta_info_home_public para MEDELLIN: HTTPSConnectionPool(host='www.medellin.gov.co', port=443): Read timed out. (read timeout=30)
Error en MEDELLIN: 'NoneType' object has no attribute 'json'
Error en consulta_info_home_public para MEDELLIN: HTTPSConnectionPool(host='www.medellin.gov.co', port=443): Read timed out. (read timeout=30)
Error en MEDELLIN: 'NoneType' object has no attribute 'json'
Error en consulta_info_home_public para MEDELLIN: HTTPSConnectionPool(host='www.medellin.gov.co', port=443): Read timed out. (read timeout=30)
Error en MEDELLIN: 'NoneType' object has no attribute 'json'
Error en consulta_info_home_public para MEDELLIN: HTTPSConnectionPool(host='www.medellin.gov.co', port=443): Read timed out. (read timeout=30)
Error en MEDELLIN: 'NoneType' object has no attribute 'json'
Error en consulta_info_home_public para MEDELLIN: HTTPSConnectionPool(host='www.medellin.gov.co', port=443): Read timed out. (read timeout=30)
Error en MEDELLIN: 'NoneType' object has no attribute 'json'
Error en consulta_info_home_public para MEDELLIN: HTTPSConnectionPool(host='www.medellin.gov.co', port=443): Read timed out. (read timeout=30)
Error en MEDELLIN: 'NoneType' object has no attribute 'json'
Error en consulta_info_home_public para MEDELLIN: HTTPSConnectionPool(host='www.medellin.gov.co', port=443): Read timed out. (read timeout=30)
Error en MEDELLIN: 'NoneType' object has no attribute 'json'
Error en consulta_info_home_public para MEDELLIN: HTTPSConnectionPool(host='www.medellin.gov.co', port=443): Read timed out. (read timeout=30)
Error en MEDELLIN: 'NoneType' object has no attribute 'json'
Error en consulta_info_home_public para MEDELLIN: HTTPSConnectionPool(host='www.medellin.gov.co', port=443): Read timed out. (read timeout=30)
Error en MEDELLIN: 'NoneType' object has no attribute 'json'
Error en consulta_info_home_public para MEDELLIN: HTTPSConnectionPool(host='www.medellin.gov.co', port=443): Read timed out. (read timeout=30)
Error en MEDELLIN: 'NoneType' object has no attribute 'json'
Error en consulta_info_home_public para MEDELLIN: HTTPSConnectionPool(host='www.medellin.gov.co', port=443): Read timed out. (read timeout=30)
Error en MEDELLIN: 'NoneType' object has no attribute 'json'
Error en consulta_info_home_public para MEDELLIN: HTTPSConnectionPool(host='www.medellin.gov.co', port=443): Read timed out. (read timeout=30)
Error en MEDELLIN: 'NoneType' object has no attribute 'json'/home/comparendos/venv/lib/python3.12/site-packages/urllib3/connectionpool.py:1097: InsecureRequestWarning: Unverified HTTPS request is being made to host 'serviciosdigitales.movilidadavanzadabello.com.co'. Adding certificate verification is strongly advised. See: https://urllib3.readthedocs.io/en/latest/advanced-usage.html#tls-warnings
  warnings.warn(
/home/comparendos/venv/lib/python3.12/site-packages/urllib3/connectionpool.py:1097: InsecureRequestWarning: Unverified HTTPS request is being made to host 'serviciosdigitales.movilidadavanzadabello.com.co'. Adding certificate verification is strongly advised. See: https://urllib3.readthedocs.io/en/latest/advanced-usage.html#tls-warnings
  warnings.warn(
/home/comparendos/venv/lib/python3.12/site-packages/urllib3/connectionpool.py:1097: InsecureRequestWarning: Unverified HTTPS request is being made to host 'serviciosdigitales.movilidadavanzadabello.com.co'. Adding certificate verification is strongly advised. See: https://urllib3.readthedocs.io/en/latest/advanced-usage.html#tls-warnings
  warnings.warn(
/home/comparendos/venv/lib/python3.12/site-packages/urllib3/connectionpool.py:1097: InsecureRequestWarning: Unverified HTTPS request is being made to host 'serviciosdigitales.movilidadavanzadabello.com.co'. Adding certificate verification is strongly advised. See: https://urllib3.readthedocs.io/en/latest/advanced-usage.html#tls-warnings
  warnings.warn(
/home/comparendos/venv/lib/python3.12/site-packages/urllib3/connectionpool.py:1097: InsecureRequestWarning: Unverified HTTPS request is being made to host 'serviciosdigitales.movilidadavanzadabello.com.co'. Adding certificate verification is strongly advised. See: https://urllib3.readthedocs.io/en/latest/advanced-usage.html#tls-warnings
  warnings.warn(
/home/comparendos/venv/lib/python3.12/site-packages/urllib3/connectionpool.py:1097: InsecureRequestWarning: Unverified HTTPS request is being made to host 'serviciosdigitales.movilidadavanzadabello.com.co'. Adding certificate verification is strongly advised. See: https://urllib3.readthedocs.io/en/latest/advanced-usage.html#tls-warnings
  warnings.warn(
/home/comparendos/venv/lib/python3.12/site-packages/urllib3/connectionpool.py:1097: InsecureRequestWarning: Unverified HTTPS request is being made to host 'serviciosdigitales.movilidadavanzadabello.com.co'. Adding certificate verification is strongly advised. See: https://urllib3.readthedocs.io/en/latest/advanced-usage.html#tls-warnings
  warnings.warn(
/home/comparendos/venv/lib/python3.12/site-packages/urllib3/connectionpool.py:1097: InsecureRequestWarning: Unverified HTTPS request is being made to host 'serviciosdigitales.movilidadavanzadabello.com.co'. Adding certificate verification is strongly advised. See: https://urllib3.readthedocs.io/en/latest/advanced-usage.html#tls-warnings
  warnings.warn(
/home/comparendos/venv/lib/python3.12/site-packages/urllib3/connectionpool.py:1097: InsecureRequestWarning: Unverified HTTPS request is being made to host 'serviciosdigitales.movilidadavanzadabello.com.co'. Adding certificate verification is strongly advised. See: https://urllib3.readthedocs.io/en/latest/advanced-usage.html#tls-warnings
  warnings.warn(
/home/comparendos/venv/lib/python3.12/site-packages/urllib3/connectionpool.py:1097: InsecureRequestWarning: Unverified HTTPS request is being made to host 'serviciosdigitales.movilidadavanzadabello.com.co'. Adding certificate verification is strongly advised. See: https://urllib3.readthedocs.io/en/latest/advanced-usage.html#tls-warnings
  warnings.warn(
/home/comparendos/venv/lib/python3.12/site-packages/urllib3/connectionpool.py:1097: InsecureRequestWarning: Unverified HTTPS request is being made to host 'serviciosdigitales.movilidadavanzadabello.com.co'. Adding certificate verification is strongly advised. See: https://urllib3.readthedocs.io/en/latest/advanced-usage.html#tls-warnings
  warnings.warn(
/home/comparendos/venv/lib/python3.12/site-packages/urllib3/connectionpool.py:1097: InsecureRequestWarning: Unverified HTTPS request is being made to host 'serviciosdigitales.movilidadavanzadabello.com.co'. Adding certificate verification is strongly advised. See: https://urllib3.readthedocs.io/en/latest/advanced-usage.html#tls-warnings
  warnings.warn(
/home/comparendos/venv/lib/python3.12/site-packages/urllib3/connectionpool.py:1097: InsecureRequestWarning: Unverified HTTPS request is being made to host 'serviciosdigitales.movilidadavanzadabello.com.co'. Adding certificate verification is strongly advised. See: https://urllib3.readthedocs.io/en/latest/advanced-usage.html#tls-warnings
  warnings.warn(
/home/comparendos/venv/lib/python3.12/site-packages/urllib3/connectionpool.py:1097: InsecureRequestWarning: Unverified HTTPS request is being made to host 'serviciosdigitales.movilidadavanzadabello.com.co'. Adding certificate verification is strongly advised. See: https://urllib3.readthedocs.io/en/latest/advanced-usage.html#tls-warnings
  warnings.warn(
/home/comparendos/venv/lib/python3.12/site-packages/urllib3/connectionpool.py:1097: InsecureRequestWarning: Unverified HTTPS request is being made to host 'serviciosdigitales.movilidadavanzadabello.com.co'. Adding certificate verification is strongly advised. See: https://urllib3.readthedocs.io/en/latest/advanced-usage.html#tls-warnings
  warnings.warn(
/home/comparendos/venv/lib/python3.12/site-packages/urllib3/connectionpool.py:1097: InsecureRequestWarning: Unverified HTTPS request is being made to host 'serviciosdigitales.movilidadavanzadabello.com.co'. Adding certificate verification is strongly advised. See: https://urllib3.readthedocs.io/en/latest/advanced-usage.html#tls-warnings
  warnings.warn(
/home/comparendos/venv/lib/python3.12/site-packages/urllib3/connectionpool.py:1097: InsecureRequestWarning: Unverified HTTPS request is being made to host 'serviciosdigitales.movilidadavanzadabello.com.co'. Adding certificate verification is strongly advised. See: https://urllib3.readthedocs.io/en/latest/advanced-usage.html#tls-warnings
  warnings.warn(
/home/comparendos/venv/lib/python3.12/site-packages/urllib3/connectionpool.py:1097: InsecureRequestWarning: Unverified HTTPS request is being made to host 'serviciosdigitales.movilidadavanzadabello.com.co'. Adding certificate verification is strongly advised. See: https://urllib3.readthedocs.io/en/latest/advanced-usage.html#tls-warnings
  warnings.warn(
/home/comparendos/venv/lib/python3.12/site-packages/urllib3/connectionpool.py:1097: InsecureRequestWarning: Unverified HTTPS request is being made to host 'serviciosdigitales.movilidadavanzadabello.com.co'. Adding certificate verification is strongly advised. See: https://urllib3.readthedocs.io/en/latest/advanced-usage.html#tls-warnings
  warnings.warn(
/home/comparendos/venv/lib/python3.12/site-packages/urllib3/connectionpool.py:1097: InsecureRequestWarning: Unverified HTTPS request is being made to host 'serviciosdigitales.movilidadavanzadabello.com.co'. Adding certificate verification is strongly advised. See: https://urllib3.readthedocs.io/en/latest/advanced-usage.html#tls-warnings
  warnings.warn(
/home/comparendos/venv/lib/python3.12/site-packages/urllib3/connectionpool.py:1097: InsecureRequestWarning: Unverified HTTPS request is being made to host 'serviciosdigitales.movilidadavanzadabello.com.co'. Adding certificate verification is strongly advised. See: https://urllib3.readthedocs.io/en/latest/advanced-usage.html#tls-warnings
  warnings.warn(
/home/comparendos/venv/lib/python3.12/site-packages/urllib3/connectionpool.py:1097: InsecureRequestWarning: Unverified HTTPS request is being made to host 'serviciosdigitales.movilidadavanzadabello.com.co'. Adding certificate verification is strongly advised. See: https://urllib3.readthedocs.io/en/latest/advanced-usage.html#tls-warnings
  warnings.warn(
/home/comparendos/venv/lib/python3.12/site-packages/urllib3/connectionpool.py:1097: InsecureRequestWarning: Unverified HTTPS request is being made to host 'serviciosdigitales.movilidadavanzadabello.com.co'. Adding certificate verification is strongly advised. See: https://urllib3.readthedocs.io/en/latest/advanced-usage.html#tls-warnings
  warnings.warn(
/home/comparendos/venv/lib/python3.12/site-packages/urllib3/connectionpool.py:1097: InsecureRequestWarning: Unverified HTTPS request is being made to host 'serviciosdigitales.movilidadavanzadabello.com.co'. Adding certificate verification is strongly advised. See: https://urllib3.readthedocs.io/en/latest/advanced-usage.html#tls-warnings
  warnings.warn(
/home/comparendos/venv/lib/python3.12/site-packages/urllib3/connectionpool.py:1097: InsecureRequestWarning: Unverified HTTPS request is being made to host 'serviciosdigitales.movilidadavanzadabello.com.co'. Adding certificate verification is strongly advised. See: https://urllib3.readthedocs.io/en/latest/advanced-usage.html#tls-warnings
  warnings.warn(
/home/comparendos/venv/lib/python3.12/site-packages/urllib3/connectionpool.py:1097: InsecureRequestWarning: Unverified HTTPS request is being made to host 'serviciosdigitales.movilidadavanzadabello.com.co'. Adding certificate verification is strongly advised. See: https://urllib3.readthedocs.io/en/latest/advanced-usage.html#tls-warnings
  warnings.warn(
/home/comparendos/venv/lib/python3.12/site-packages/urllib3/connectionpool.py:1097: InsecureRequestWarning: Unverified HTTPS request is being made to host 'serviciosdigitales.movilidadavanzadabello.com.co'. Adding certificate verification is strongly advised. See: https://urllib3.readthedocs.io/en/latest/advanced-usage.html#tls-warnings
  warnings.warn(
/home/comparendos/venv/lib/python3.12/site-packages/urllib3/connectionpool.py:1097: InsecureRequestWarning: Unverified HTTPS request is being made to host 'serviciosdigitales.movilidadavanzadabello.com.co'. Adding certificate verification is strongly advised. See: https://urllib3.readthedocs.io/en/latest/advanced-usage.html#tls-warnings
  warnings.warn(
/home/comparendos/venv/lib/python3.12/site-packages/urllib3/connectionpool.py:1097: InsecureRequestWarning: Unverified HTTPS request is being made to host 'serviciosdigitales.movilidadavanzadabello.com.co'. Adding certificate verification is strongly advised. See: https://urllib3.readthedocs.io/en/latest/advanced-usage.html#tls-warnings
  warnings.warn(
/home/comparendos/venv/lib/python3.12/site-packages/urllib3/connectionpool.py:1097: InsecureRequestWarning: Unverified HTTPS request is being made to host 'serviciosdigitales.movilidadavanzadabello.com.co'. Adding certificate verification is strongly advised. See: https://urllib3.readthedocs.io/en/latest/advanced-usage.html#tls-warnings
  warnings.warn(
/home/comparendos/venv/lib/python3.12/site-packages/urllib3/connectionpool.py:1097: InsecureRequestWarning: Unverified HTTPS request is being made to host 'serviciosdigitales.movilidadavanzadabello.com.co'. Adding certificate verification is strongly advised. See: https://urllib3.readthedocs.io/en/latest/advanced-usage.html#tls-warnings
  warnings.warn(
/home/comparendos/venv/lib/python3.12/site-packages/urllib3/connectionpool.py:1097: InsecureRequestWarning: Unverified HTTPS request is being made to host 'serviciosdigitales.movilidadavanzadabello.com.co'. Adding certificate verification is strongly advised. See: https://urllib3.readthedocs.io/en/latest/advanced-usage.html#tls-warnings
  warnings.warn(
/home/comparendos/venv/lib/python3.12/site-packages/urllib3/connectionpool.py:1097: InsecureRequestWarning: Unverified HTTPS request is being made to host 'serviciosdigitales.movilidadavanzadabello.com.co'. Adding certificate verification is strongly advised. See: https://urllib3.readthedocs.io/en/latest/advanced-usage.html#tls-warnings
  warnings.warn(
/home/comparendos/venv/lib/python3.12/site-packages/urllib3/connectionpool.py:1097: InsecureRequestWarning: Unverified HTTPS request is being made to host 'serviciosdigitales.movilidadavanzadabello.com.co'. Adding certificate verification is strongly advised. See: https://urllib3.readthedocs.io/en/latest/advanced-usage.html#tls-warnings
  warnings.warn(
/home/comparendos/venv/lib/python3.12/site-packages/urllib3/connectionpool.py:1097: InsecureRequestWarning: Unverified HTTPS request is being made to host 'serviciosdigitales.movilidadavanzadabello.com.co'. Adding certificate verification is strongly advised. See: https://urllib3.readthedocs.io/en/latest/advanced-usage.html#tls-warnings
  warnings.warn(
/home/comparendos/venv/lib/python3.12/site-packages/urllib3/connectionpool.py:1097: InsecureRequestWarning: Unverified HTTPS request is being made to host 'serviciosdigitales.movilidadavanzadabello.com.co'. Adding certificate verification is strongly advised. See: https://urllib3.readthedocs.io/en/latest/advanced-usage.html#tls-warnings
  warnings.warn(
/home/comparendos/venv/lib/python3.12/site-packages/urllib3/connectionpool.py:1097: InsecureRequestWarning: Unverified HTTPS request is being made to host 'serviciosdigitales.movilidadavanzadabello.com.co'. Adding certificate verification is strongly advised. See: https://urllib3.readthedocs.io/en/latest/advanced-usage.html#tls-warnings
  warnings.warn(
/home/comparendos/venv/lib/python3.12/site-packages/urllib3/connectionpool.py:1097: InsecureRequestWarning: Unverified HTTPS request is being made to host 'serviciosdigitales.movilidadavanzadabello.com.co'. Adding certificate verification is strongly advised. See: https://urllib3.readthedocs.io/en/latest/advanced-usage.html#tls-warnings
  warnings.warn(

Error en consulta_info_home_public para MEDELLIN: HTTPSConnectionPool(host='www.medellin.gov.co', port=443): Read timed out. (read timeout=30)
Error en MEDELLIN: 'NoneType' object has no attribute 'json'
Error en consulta_info_home_public para MEDELLIN: HTTPSConnectionPool(host='www.medellin.gov.co', port=443): Read timed out. (read timeout=30)
Error en MEDELLIN: 'NoneType' object has no attribute 'json'
Error en consulta_info_home_public para MEDELLIN: HTTPSConnectionPool(host='www.medellin.gov.co', port=443): Read timed out. (read timeout=30)
Error en MEDELLIN: 'NoneType' object has no attribute 'json'
Error en consulta_info_home_public para MEDELLIN: HTTPSConnectionPool(host='www.medellin.gov.co', port=443): Read timed out. (read timeout=30)
Error en MEDELLIN: 'NoneType' object has no attribute 'json'
Error en consulta_info_home_public para MEDELLIN: HTTPSConnectionPool(host='www.medellin.gov.co', port=443): Read timed out. (read timeout=30)
Error en MEDELLIN: 'NoneType' object has no attribute 'json'
Error en consulta_info_home_public para MEDELLIN: HTTPSConnectionPool(host='www.medellin.gov.co', port=443): Read timed out. (read timeout=30)
Error en MEDELLIN: 'NoneType' object has no attribute 'json'
Error en consulta_info_home_public para MEDELLIN: HTTPSConnectionPool(host='www.medellin.gov.co', port=443): Read timed out. (read timeout=30)
Error en MEDELLIN: 'NoneType' object has no attribute 'json'
Error en consulta_info_home_public para MEDELLIN: HTTPSConnectionPool(host='www.medellin.gov.co', port=443): Read timed out. (read timeout=30)
Error en MEDELLIN: 'NoneType' object has no attribute 'json'
Error en consulta_info_home_public para MEDELLIN: HTTPSConnectionPool(host='www.medellin.gov.co', port=443): Read timed out. (read timeout=30)
Error en MEDELLIN: 'NoneType' object has no attribute 'json'
Error en consulta_info_home_public para MEDELLIN: HTTPSConnectionPool(host='www.medellin.gov.co', port=443): Read timed out. (read timeout=30)
Error en MEDELLIN: 'NoneType' object has no attribute 'json'
Error en consulta_info_home_public para MEDELLIN: HTTPSConnectionPool(host='www.medellin.gov.co', port=443): Read timed out. (read timeout=30)
Error en MEDELLIN: 'NoneType' object has no attribute 'json'
Error en consulta_info_home_public para MEDELLIN: HTTPSConnectionPool(host='www.medellin.gov.co', port=443): Read timed out. (read timeout=30)
Error en MEDELLIN: 'NoneType' object has no attribute 'json'
Error en consulta_info_home_public para MEDELLIN: HTTPSConnectionPool(host='www.medellin.gov.co', port=443): Read timed out. (read timeout=30)
Error en MEDELLIN: 'NoneType' object has no attribute 'json'
Error en consulta_info_home_public para MEDELLIN: HTTPSConnectionPool(host='www.medellin.gov.co', port=443): Read timed out. (read timeout=30)
Error en MEDELLIN: 'NoneType' object has no attribute 'json'
Error en consulta_info_home_public para MEDELLIN: HTTPSConnectionPool(host='www.medellin.gov.co', port=443): Read timed out. (read timeout=30)
Error en MEDELLIN: 'NoneType' object has no attribute 'json'
Error en consulta_info_home_public para MEDELLIN: HTTPSConnectionPool(host='www.medellin.gov.co', port=443): Read timed out. (read timeout=30)
Error en MEDELLIN: 'NoneType' object has no attribute 'json'
Error en consulta_info_home_public para MEDELLIN: HTTPSConnectionPool(host='www.medellin.gov.co', port=443): Read timed out. (read timeout=30)
Error en MEDELLIN: 'NoneType' object has no attribute 'json'
Error en consulta_info_home_public para MEDELLIN: HTTPSConnectionPool(host='www.medellin.gov.co', port=443): Read timed out. (read timeout=30)
Error en MEDELLIN: 'NoneType' object has no attribute 'json'
Error en consulta_info_home_public para MEDELLIN: HTTPSConnectionPool(host='www.medellin.gov.co', port=443): Read timed out. (read timeout=30)
Error en MEDELLIN: 'NoneType' object has no attribute 'json'
Error en consulta_info_home_public para MEDELLIN: HTTPSConnectionPool(host='www.medellin.gov.co', port=443): Read timed out. (read timeout=30)
Error en MEDELLIN: 'NoneType' object has no attribute 'json'
Error en consulta_info_home_public para MEDELLIN: HTTPSConnectionPool(host='www.medellin.gov.co', port=443): Read timed out. (read timeout=30)
Error en MEDELLIN: 'NoneType' object has no attribute 'json'
Error en consulta_info_home_public para MEDELLIN: HTTPSConnectionPool(host='www.medellin.gov.co', port=443): Read timed out. (read timeout=30)
Error en MEDELLIN: 'NoneType' object has no attribute 'json'
Error en consulta_info_home_public para MEDELLIN: HTTPSConnectionPool(host='www.medellin.gov.co', port=443): Read timed out. (read timeout=30)
Error en MEDELLIN: 'NoneType' object has no attribute 'json'
Error en consulta_info_home_public para MEDELLIN: HTTPSConnectionPool(host='www.medellin.gov.co', port=443): Read timed out. (read timeout=30)
Error en MEDELLIN: 'NoneType' object has no attribute 'json'
Error en consulta_info_home_public para MEDELLIN: HTTPSConnectionPool(host='www.medellin.gov.co', port=443): Read timed out. (read timeout=30)
Error en MEDELLIN: 'NoneType' object has no attribute 'json'
Error en consulta_info_home_public para MEDELLIN: HTTPSConnectionPool(host='www.medellin.gov.co', port=443): Read timed out. (read timeout=30)
Error en MEDELLIN: 'NoneType' object has no attribute 'json'
Error en consulta_info_home_public para MEDELLIN: HTTPSConnectionPool(host='www.medellin.gov.co', port=443): Read timed out. (read timeout=30)
Error en MEDELLIN: 'NoneType' object has no attribute 'json'
Error en consulta_info_home_public para MEDELLIN: HTTPSConnectionPool(host='www.medellin.gov.co', port=443): Read timed out. (read timeout=30)
Error en MEDELLIN: 'NoneType' object has no attribute 'json'
Error en consulta_info_home_public para MEDELLIN: HTTPSConnectionPool(host='www.medellin.gov.co', port=443): Read timed out. (read timeout=30)
Error en MEDELLIN: 'NoneType' object has no attribute 'json'
Error en consulta_info_home_public para MEDELLIN: HTTPSConnectionPool(host='www.medellin.gov.co', port=443): Read timed out. (read timeout=30)
Error en MEDELLIN: 'NoneType' object has no attribute 'json'
Error en consulta_info_home_public para MEDELLIN: HTTPSConnectionPool(host='www.medellin.gov.co', port=443): Read timed out. (read timeout=30)
Error en MEDELLIN: 'NoneType' object has no attribute 'json'
Error en consulta_info_home_public para MEDELLIN: HTTPSConnectionPool(host='www.medellin.gov.co', port=443): Read timed out. (read timeout=30)
Error en MEDELLIN: 'NoneType' object has no attribute 'json'
Error en consulta_info_home_public para MEDELLIN: HTTPSConnectionPool(host='www.medellin.gov.co', port=443): Read timed out. (read timeout=30)
Error en MEDELLIN: 'NoneType' object has no attribute 'json'
Error en consulta_info_home_public para MEDELLIN: HTTPSConnectionPool(host='www.medellin.gov.co', port=443): Read timed out. (read timeout=30)
Error en MEDELLIN: 'NoneType' object has no attribute 'json'
Error en consulta_info_home_public para MEDELLIN: HTTPSConnectionPool(host='www.medellin.gov.co', port=443): Read timed out. (read timeout=30)
Error en MEDELLIN: 'NoneType' object has no attribute 'json'
Error en consulta_info_home_public para MEDELLIN: HTTPSConnectionPool(host='www.medellin.gov.co', port=443): Read timed out. (read timeout=30)
Error en MEDELLIN: 'NoneType' object has no attribute 'json'
Error en consulta_info_home_public para MEDELLIN: HTTPSConnectionPool(host='www.medellin.gov.co', port=443): Read timed out. (read timeout=30)
Error en MEDELLIN: 'NoneType' object has no attribute 'json'
Error en consulta_info_home_public para MEDELLIN: HTTPSConnectionPool(host='www.medellin.gov.co', port=443): Read timed out. (read timeout=30)
Error en MEDELLIN: 'NoneType' object has no attribute 'json'
Fin del proceso diario: [2026-07-13 09:18:45]
